#
# There is insufficient memory for the Java Runtime Environment to continue.
# Native memory allocation (malloc) failed to allocate 1086288 bytes. Error detail: Chunk::new
# Possible reasons:
#   The system is out of physical RAM or swap space
#   This process is running with CompressedOops enabled, and the Java Heap may be blocking the growth of the native heap
# Possible solutions:
#   Reduce memory load on the system
#   Increase physical memory or swap space
#   Check if swap backing store is full
#   Decrease Java heap size (-Xmx/-Xms)
#   Decrease number of Java threads
#   Decrease Java thread stack sizes (-Xss)
#   Set larger code cache with -XX:ReservedCodeCacheSize=
#   JVM is running with Unscaled Compressed Oops mode in which the Java heap is
#     placed in the first 4GB address space. The Java Heap base address is the
#     maximum limit for the native heap growth. Please use -XX:HeapBaseMinAddress
#     to set the Java Heap base and to place the Java Heap above 4GB virtual address.
# This output file may be truncated or incomplete.
#
#  Out of Memory Error (arena.cpp:168), pid=30156, tid=12152
#
# JRE version: OpenJDK Runtime Environment Temurin-21.0.10+7 (21.0.10+7) (build 21.0.10+7-LTS)
# Java VM: OpenJDK 64-Bit Server VM Temurin-21.0.10+7 (21.0.10+7-LTS, mixed mode, sharing, tiered, compressed oops, compressed class ptrs, parallel gc, windows-amd64)
# No core dump will be written. Minidumps are not enabled by default on client versions of Windows
#

---------------  S U M M A R Y ------------

Command Line: --add-modules=ALL-SYSTEM --add-opens=java.base/java.util=ALL-UNNAMED --add-opens=java.base/java.lang=ALL-UNNAMED --add-opens=java.base/sun.nio.fs=ALL-UNNAMED -Declipse.application=org.eclipse.jdt.ls.core.id1 -Dosgi.bundles.defaultStartLevel=4 -Declipse.product=org.eclipse.jdt.ls.core.product -Djava.import.generatesMetadataFilesAtProjectRoot=false -DDetectVMInstallationsJob.disabled=true -Dfile.encoding=utf8 -XX:+UseParallelGC -XX:GCTimeRatio=4 -XX:AdaptiveSizePolicyWeight=90 -Dsun.zip.disableMemoryMapping=true -Xmx2G -Xms100m -Xlog:disable -javaagent:c:\Users\sendy\.vscode\extensions\redhat.java-1.54.0-win32-x64\lombok\lombok-1.18.39-4050.jar -XX:+HeapDumpOnOutOfMemoryError -XX:HeapDumpPath=c:\Users\sendy\AppData\Roaming\Code\User\workspaceStorage\3515da352bb3322cfc7f98cf190b8c9f\redhat.java -Daether.dependencyCollector.impl=bf c:\Users\sendy\.vscode\extensions\redhat.java-1.54.0-win32-x64\server\plugins\org.eclipse.equinox.launcher_1.7.100.v20251111-0406.jar -configuration c:\Users\sendy\AppData\Roaming\Code\User\globalStorage\redhat.java\1.54.0\config_win -data c:\Users\sendy\AppData\Roaming\Code\User\workspaceStorage\3515da352bb3322cfc7f98cf190b8c9f\redhat.java\jdt_ws --pipe=\\.\pipe\lsp-a73d811eb50a1813738cd42f2541c14a-sock

Host: AMD Ryzen 7 5700U with Radeon Graphics         , 16 cores, 7G,  Windows 11 , 64 bit Build 26100 (10.0.26100.8328)
Time: Tue May 26 09:42:09 2026 SE Asia Standard Time elapsed time: 5400.101336 seconds (0d 1h 30m 0s)

---------------  T H R E A D  ---------------

Current thread (0x000002086cba8d50):  JavaThread "C2 CompilerThread1" daemon [_thread_in_native, id=12152, stack(0x00000059b2500000,0x00000059b2600000) (1024K)]


Current CompileTask:
C2:5400101 20130       4       org.eclipse.jdt.internal.compiler.parser.Scanner::internalScanIdentifierOrKeyword (5041 bytes)

Stack: [0x00000059b2500000,0x00000059b2600000]
Native frames: (J=compiled Java code, j=interpreted, Vv=VM code, C=native code)
V  [jvm.dll+0x6d7a39]
V  [jvm.dll+0x8b4b26]
V  [jvm.dll+0x8b70de]
V  [jvm.dll+0x8b77c3]
V  [jvm.dll+0x284346]
V  [jvm.dll+0xc66ed]
V  [jvm.dll+0xc6c31]
V  [jvm.dll+0x3bec3b]
V  [jvm.dll+0x38b162]
V  [jvm.dll+0x38a5aa]
V  [jvm.dll+0x24c560]
V  [jvm.dll+0x24bb40]
V  [jvm.dll+0x1cb34e]
V  [jvm.dll+0x25b85d]
V  [jvm.dll+0x259dea]
V  [jvm.dll+0x3f857e]
V  [jvm.dll+0x85f59d]
V  [jvm.dll+0x6d626d]
C  [ucrtbase.dll+0x37b0]
C  [KERNEL32.DLL+0x2e957]
C  [ntdll.dll+0x427c]


---------------  P R O C E S S  ---------------

Threads class SMR info:
_java_thread_list=0x000002086916e980, length=74, elements={
0x000002084a85d1e0, 0x000002084a80d9c0, 0x000002084a900fa0, 0x000002084a90eaf0,
0x000002084a9118e0, 0x000002084a912d30, 0x000002084a916190, 0x000002084a91aec0,
0x000002084a91daa0, 0x00000208628619e0, 0x00000208681cbcb0, 0x0000020868a842a0,
0x0000020868a84930, 0x0000020868a84fc0, 0x0000020868a85650, 0x0000020868a86370,
0x0000020868a85ce0, 0x0000020868a82ef0, 0x0000020868a83580, 0x0000020868d81720,
0x0000020868d84ba0, 0x0000020868d85230, 0x0000020868d82ad0, 0x0000020868d81db0,
0x0000020868d858c0, 0x0000020868d85f50, 0x0000020868d865e0, 0x0000020868d86c70,
0x0000020868d837f0, 0x0000020868d87990, 0x0000020868d87300, 0x0000020868d88020,
0x000002086961bf20, 0x000002086961d960, 0x000002086961cc40, 0x000002086961dff0,
0x000002086961b890, 0x000002086961e680, 0x000002086961c5b0, 0x000002086961b200,
0x000002086b4adb70, 0x000002086b4b0ff0, 0x000002086b4b02d0, 0x000002086b4aef20,
0x000002086b4b0960, 0x000002086b4af5b0, 0x0000020869620750, 0x000002086961d2d0,
0x0000020869620de0, 0x0000020869621470, 0x0000020869622820, 0x000002086961f3a0,
0x000002086c4648e0, 0x000002086c463bc0, 0x000002086c465c90, 0x000002086c4697a0,
0x000002086b4aad80, 0x000002086b4b1680, 0x000002086b4ae890, 0x000002086b4afc40,
0x0000020868d80a00, 0x0000020869622190, 0x000002086a272690, 0x000002086a2733b0,
0x000002086a275b10, 0x000002086a273a40, 0x000002086a912610, 0x000002087124e110,
0x000002087124e7e0, 0x000002086a272d20, 0x000002086a2740d0, 0x000002086a276ec0,
0x000002086a277be0, 0x000002086cba8d50
}

Java Threads: ( => current thread )
  0x000002084a85d1e0 JavaThread "main"                              [_thread_blocked, id=2212, stack(0x00000059ae000000,0x00000059ae100000) (1024K)]
  0x000002084a80d9c0 JavaThread "Reference Handler"          daemon [_thread_blocked, id=13492, stack(0x00000059ae400000,0x00000059ae500000) (1024K)]
  0x000002084a900fa0 JavaThread "Finalizer"                  daemon [_thread_blocked, id=15400, stack(0x00000059ae500000,0x00000059ae600000) (1024K)]
  0x000002084a90eaf0 JavaThread "Signal Dispatcher"          daemon [_thread_blocked, id=17732, stack(0x00000059ae600000,0x00000059ae700000) (1024K)]
  0x000002084a9118e0 JavaThread "Attach Listener"            daemon [_thread_blocked, id=440, stack(0x00000059ae700000,0x00000059ae800000) (1024K)]
  0x000002084a912d30 JavaThread "Service Thread"             daemon [_thread_blocked, id=4784, stack(0x00000059ae800000,0x00000059ae900000) (1024K)]
  0x000002084a916190 JavaThread "Monitor Deflation Thread"   daemon [_thread_blocked, id=14132, stack(0x00000059ae900000,0x00000059aea00000) (1024K)]
  0x000002084a91aec0 JavaThread "C2 CompilerThread0"         daemon [_thread_blocked, id=29340, stack(0x00000059aea00000,0x00000059aeb00000) (1024K)]
  0x000002084a91daa0 JavaThread "C1 CompilerThread0"         daemon [_thread_blocked, id=10772, stack(0x00000059aeb00000,0x00000059aec00000) (1024K)]
  0x00000208628619e0 JavaThread "Common-Cleaner"             daemon [_thread_blocked, id=30448, stack(0x00000059aef00000,0x00000059af000000) (1024K)]
  0x00000208681cbcb0 JavaThread "Notification Thread"        daemon [_thread_blocked, id=28036, stack(0x00000059af000000,0x00000059af100000) (1024K)]
  0x0000020868a842a0 JavaThread "Active Thread: Equinox Container: 42bceb28-dda3-4165-bf64-2fc56fd09835"        [_thread_blocked, id=26324, stack(0x00000059af900000,0x00000059afa00000) (1024K)]
  0x0000020868a84930 JavaThread "Refresh Thread: Equinox Container: 42bceb28-dda3-4165-bf64-2fc56fd09835" daemon [_thread_blocked, id=29204, stack(0x00000059afb00000,0x00000059afc00000) (1024K)]
  0x0000020868a84fc0 JavaThread "Framework Event Dispatcher: Equinox Container: 42bceb28-dda3-4165-bf64-2fc56fd09835" daemon [_thread_blocked, id=14504, stack(0x00000059afc00000,0x00000059afd00000) (1024K)]
  0x0000020868a85650 JavaThread "Start Level: Equinox Container: 42bceb28-dda3-4165-bf64-2fc56fd09835" daemon [_thread_blocked, id=10516, stack(0x00000059afd00000,0x00000059afe00000) (1024K)]
  0x0000020868a86370 JavaThread "Bundle File Closer"         daemon [_thread_blocked, id=9132, stack(0x00000059b0100000,0x00000059b0200000) (1024K)]
  0x0000020868a85ce0 JavaThread "SCR Component Actor"        daemon [_thread_blocked, id=22736, stack(0x00000059aee00000,0x00000059aef00000) (1024K)]
  0x0000020868a82ef0 JavaThread "Worker-JM"                         [_thread_blocked, id=8460, stack(0x00000059b0200000,0x00000059b0300000) (1024K)]
  0x0000020868a83580 JavaThread "JNA Cleaner"                daemon [_thread_blocked, id=15868, stack(0x00000059af800000,0x00000059af900000) (1024K)]
  0x0000020868d81720 JavaThread "Java indexing"              daemon [_thread_blocked, id=1888, stack(0x00000059b0a00000,0x00000059b0b00000) (1024K)]
  0x0000020868d84ba0 JavaThread "Thread-1"                   daemon [_thread_in_native, id=27948, stack(0x00000059b0f00000,0x00000059b1000000) (1024K)]
  0x0000020868d85230 JavaThread "Thread-2"                   daemon [_thread_in_native, id=24140, stack(0x00000059b1000000,0x00000059b1100000) (1024K)]
  0x0000020868d82ad0 JavaThread "Thread-3"                   daemon [_thread_in_native, id=24888, stack(0x00000059b1100000,0x00000059b1200000) (1024K)]
  0x0000020868d81db0 JavaThread "Thread-4"                   daemon [_thread_in_native, id=5928, stack(0x00000059b1200000,0x00000059b1300000) (1024K)]
  0x0000020868d858c0 JavaThread "Thread-5"                   daemon [_thread_in_native, id=28716, stack(0x00000059b1300000,0x00000059b1400000) (1024K)]
  0x0000020868d85f50 JavaThread "Thread-6"                   daemon [_thread_in_native, id=27100, stack(0x00000059b1400000,0x00000059b1500000) (1024K)]
  0x0000020868d865e0 JavaThread "Thread-7"                   daemon [_thread_in_native, id=6148, stack(0x00000059b1500000,0x00000059b1600000) (1024K)]
  0x0000020868d86c70 JavaThread "Thread-8"                   daemon [_thread_in_native, id=19848, stack(0x00000059b1600000,0x00000059b1700000) (1024K)]
  0x0000020868d837f0 JavaThread "Thread-9"                   daemon [_thread_in_native, id=10096, stack(0x00000059b1700000,0x00000059b1800000) (1024K)]
  0x0000020868d87990 JavaThread "Thread-10"                  daemon [_thread_in_native, id=26196, stack(0x00000059b1800000,0x00000059b1900000) (1024K)]
  0x0000020868d87300 JavaThread "Thread-11"                  daemon [_thread_in_native, id=25364, stack(0x00000059b1900000,0x00000059b1a00000) (1024K)]
  0x0000020868d88020 JavaThread "Thread-12"                  daemon [_thread_in_native, id=25408, stack(0x00000059b1a00000,0x00000059b1b00000) (1024K)]
  0x000002086961bf20 JavaThread "Thread-13"                  daemon [_thread_in_native, id=10256, stack(0x00000059b1b00000,0x00000059b1c00000) (1024K)]
  0x000002086961d960 JavaThread "Thread-14"                  daemon [_thread_in_native, id=25168, stack(0x00000059b1c00000,0x00000059b1d00000) (1024K)]
  0x000002086961cc40 JavaThread "Thread-15"                  daemon [_thread_in_native, id=5156, stack(0x00000059b1d00000,0x00000059b1e00000) (1024K)]
  0x000002086961dff0 JavaThread "Thread-16"                  daemon [_thread_in_native, id=24116, stack(0x00000059b1e00000,0x00000059b1f00000) (1024K)]
  0x000002086961b890 JavaThread "Thread-17"                  daemon [_thread_in_native, id=23352, stack(0x00000059b1f00000,0x00000059b2000000) (1024K)]
  0x000002086961e680 JavaThread "pool-2-thread-1"                   [_thread_blocked, id=19644, stack(0x00000059b2000000,0x00000059b2100000) (1024K)]
  0x000002086961c5b0 JavaThread "WorkspaceEventsHandler"            [_thread_blocked, id=27036, stack(0x00000059b2100000,0x00000059b2200000) (1024K)]
  0x000002086961b200 JavaThread "pool-1-thread-1"                   [_thread_blocked, id=2424, stack(0x00000059b2200000,0x00000059b2300000) (1024K)]
  0x000002086b4adb70 JavaThread "Cleaner-0"                  daemon [_thread_blocked, id=15320, stack(0x00000059b3300000,0x00000059b3400000) (1024K)]
  0x000002086b4b0ff0 JavaThread "Java Debug Server"          daemon [_thread_in_native, id=11704, stack(0x00000059b0d00000,0x00000059b0e00000) (1024K)]
  0x000002086b4b02d0 JavaThread "pool-4-thread-1"                   [_thread_in_native, id=5312, stack(0x00000059b0e00000,0x00000059b0f00000) (1024K)]
  0x000002086b4aef20 JavaThread "RxSchedulerPurge-1"         daemon [_thread_blocked, id=9352, stack(0x00000059b0b00000,0x00000059b0c00000) (1024K)]
  0x000002086b4b0960 JavaThread "RxCachedWorkerPoolEvictor-1" daemon [_thread_blocked, id=4788, stack(0x00000059b0c00000,0x00000059b0d00000) (1024K)]
  0x000002086b4af5b0 JavaThread "process reaper (pid 21108)" daemon [_thread_in_native, id=27116, stack(0x00000059ad9c0000,0x00000059ad9e0000) (128K)]
  0x0000020869620750 JavaThread "RxNewThreadScheduler-5"     daemon [_thread_blocked, id=10972, stack(0x00000059add00000,0x00000059ade00000) (1024K)]
  0x000002086961d2d0 JavaThread "ForkJoinPool.commonPool-worker-40" daemon [_thread_blocked, id=21892, stack(0x00000059aec00000,0x00000059aed00000) (1024K)]
  0x0000020869620de0 JavaThread "ForkJoinPool.commonPool-worker-41" daemon [_thread_blocked, id=17448, stack(0x00000059af100000,0x00000059af200000) (1024K)]
  0x0000020869621470 JavaThread "ForkJoinPool.commonPool-worker-42" daemon [_thread_blocked, id=16476, stack(0x00000059b0500000,0x00000059b0600000) (1024K)]
  0x0000020869622820 JavaThread "ForkJoinPool.commonPool-worker-44" daemon [_thread_blocked, id=6540, stack(0x00000059b0700000,0x00000059b0800000) (1024K)]
  0x000002086961f3a0 JavaThread "ForkJoinPool.commonPool-worker-45" daemon [_thread_blocked, id=16860, stack(0x00000059b0800000,0x00000059b0900000) (1024K)]
  0x000002086c4648e0 JavaThread "ForkJoinPool.commonPool-worker-46" daemon [_thread_blocked, id=26440, stack(0x00000059b0900000,0x00000059b0a00000) (1024K)]
  0x000002086c463bc0 JavaThread "ForkJoinPool.commonPool-worker-47" daemon [_thread_blocked, id=24612, stack(0x00000059b2300000,0x00000059b2400000) (1024K)]
  0x000002086c465c90 JavaThread "ForkJoinPool.commonPool-worker-48" daemon [_thread_blocked, id=29424, stack(0x00000059b2600000,0x00000059b2700000) (1024K)]
  0x000002086c4697a0 JavaThread "ForkJoinPool.commonPool-worker-50" daemon [_thread_blocked, id=15528, stack(0x00000059b2900000,0x00000059b2a00000) (1024K)]
  0x000002086b4aad80 JavaThread "ForkJoinPool.commonPool-worker-51" daemon [_thread_blocked, id=7120, stack(0x00000059b2a00000,0x00000059b2b00000) (1024K)]
  0x000002086b4b1680 JavaThread "ForkJoinPool.commonPool-worker-49" daemon [_thread_blocked, id=28572, stack(0x00000059b2b00000,0x00000059b2c00000) (1024K)]
  0x000002086b4ae890 JavaThread "ForkJoinPool.commonPool-worker-52" daemon [_thread_blocked, id=13720, stack(0x00000059b2c00000,0x00000059b2d00000) (1024K)]
  0x000002086b4afc40 JavaThread "ForkJoinPool.commonPool-worker-53" daemon [_thread_blocked, id=29288, stack(0x00000059b2d00000,0x00000059b2e00000) (1024K)]
  0x0000020868d80a00 JavaThread "Worker-19"                         [_thread_blocked, id=25284, stack(0x00000059ade00000,0x00000059adf00000) (1024K)]
  0x0000020869622190 JavaThread "Worker-20"                         [_thread_blocked, id=26556, stack(0x00000059adf00000,0x00000059ae000000) (1024K)]
  0x000002086a272690 JavaThread "Compiler Source File Reader" daemon [_thread_blocked, id=16756, stack(0x00000059b3000000,0x00000059b3100000) (1024K)]
  0x000002086a2733b0 JavaThread "ForkJoinPool.commonPool-worker-54" daemon [_thread_blocked, id=3900, stack(0x00000059b0600000,0x00000059b0700000) (1024K)]
  0x000002086a275b10 JavaThread "ForkJoinPool.commonPool-worker-55" daemon [_thread_blocked, id=18756, stack(0x00000059b2400000,0x00000059b2500000) (1024K)]
  0x000002086a273a40 JavaThread "Worker-23"                         [_thread_blocked, id=11724, stack(0x00000059aed00000,0x00000059aee00000) (1024K)]
  0x000002086a912610 JavaThread "C1 CompilerThread1"         daemon [_thread_blocked, id=13748, stack(0x00000059b2700000,0x00000059b2800000) (1024K)]
  0x000002087124e110 JavaThread "C1 CompilerThread2"         daemon [_thread_blocked, id=15712, stack(0x00000059b2800000,0x00000059b2900000) (1024K)]
  0x000002087124e7e0 JavaThread "C1 CompilerThread3"         daemon [_thread_blocked, id=8456, stack(0x00000059b2e00000,0x00000059b2f00000) (1024K)]
  0x000002086a272d20 JavaThread "Worker-24"                         [_thread_blocked, id=1436, stack(0x00000059b2f00000,0x00000059b3000000) (1024K)]
  0x000002086a2740d0 JavaThread "Compiler Source File Reader" daemon [_thread_blocked, id=2520, stack(0x00000059b3100000,0x00000059b3200000) (1024K)]
  0x000002086a276ec0 JavaThread "Compiler Processing Task"   daemon [_thread_blocked, id=4704, stack(0x00000059b3200000,0x00000059b3300000) (1024K)]
  0x000002086a277be0 JavaThread "Worker-25"                         [_thread_blocked, id=29852, stack(0x00000059b3400000,0x00000059b3500000) (1024K)]
=>0x000002086cba8d50 JavaThread "C2 CompilerThread1"         daemon [_thread_in_native, id=12152, stack(0x00000059b2500000,0x00000059b2600000) (1024K)]
Total: 74

Other Threads:
  0x000002084a8ffae0 VMThread "VM Thread"                           [id=23964, stack(0x00000059ae300000,0x00000059ae400000) (1024K)]
  0x000002084a6eca10 WatcherThread "VM Periodic Task Thread"        [id=4144, stack(0x00000059ae200000,0x00000059ae300000) (1024K)]
  0x000002084a87b2f0 WorkerThread "GC Thread#0"                     [id=8720, stack(0x00000059ae100000,0x00000059ae200000) (1024K)]
  0x0000020868739230 WorkerThread "GC Thread#1"                     [id=12576, stack(0x00000059af200000,0x00000059af300000) (1024K)]
  0x000002086865b1a0 WorkerThread "GC Thread#2"                     [id=16644, stack(0x00000059af300000,0x00000059af400000) (1024K)]
  0x0000020868647ec0 WorkerThread "GC Thread#3"                     [id=13996, stack(0x00000059af400000,0x00000059af500000) (1024K)]
  0x0000020868870680 WorkerThread "GC Thread#4"                     [id=9608, stack(0x00000059af500000,0x00000059af600000) (1024K)]
  0x0000020868870a30 WorkerThread "GC Thread#5"                     [id=20912, stack(0x00000059af600000,0x00000059af700000) (1024K)]
  0x00000208686e89c0 WorkerThread "GC Thread#6"                     [id=12728, stack(0x00000059af700000,0x00000059af800000) (1024K)]
  0x00000208686e7750 WorkerThread "GC Thread#7"                     [id=25024, stack(0x00000059afa00000,0x00000059afb00000) (1024K)]
  0x00000208686e7b00 WorkerThread "GC Thread#8"                     [id=22100, stack(0x00000059afe00000,0x00000059aff00000) (1024K)]
  0x00000208686e7eb0 WorkerThread "GC Thread#9"                     [id=23724, stack(0x00000059aff00000,0x00000059b0000000) (1024K)]
  0x00000208686e8260 WorkerThread "GC Thread#10"                    [id=8404, stack(0x00000059b0000000,0x00000059b0100000) (1024K)]
  0x00000208686e8610 WorkerThread "GC Thread#11"                    [id=10196, stack(0x00000059b0300000,0x00000059b0400000) (1024K)]
  0x00000208690b1730 WorkerThread "GC Thread#12"                    [id=24568, stack(0x00000059b0400000,0x00000059b0500000) (1024K)]
Total: 15

Threads with active compile tasks:
C2 CompilerThread1  5400138 20130       4       org.eclipse.jdt.internal.compiler.parser.Scanner::internalScanIdentifierOrKeyword (5041 bytes)
Total: 1

VM state: not at safepoint (normal execution)

VM Mutex/Monitor currently owned by a thread: None

Heap address: 0x0000000080000000, size: 2048 MB, Compressed Oops mode: 32-bit

CDS archive(s) mapped at: [0x0000020800000000-0x0000020800ba0000-0x0000020800ba0000), size 12189696, SharedBaseAddress: 0x0000020800000000, ArchiveRelocationMode: 1.
Compressed class space mapped at: 0x0000020801000000-0x0000020841000000, reserved size: 1073741824
Narrow klass base: 0x0000020800000000, Narrow klass shift: 0, Narrow klass range: 0x100000000

GC Precious Log:
 CardTable entry size: 512
 CPUs: 16 total, 16 available
 Memory: 7579M
 Large Page Support: Disabled
 NUMA Support: Disabled
 Compressed Oops: Enabled (32-bit)
 Alignments: Space 512K, Generation 512K, Heap 2M
 Heap Min Capacity: 100M
 Heap Initial Capacity: 100M
 Heap Max Capacity: 2G
 Pre-touch: Disabled
 Parallel Workers: 13

Heap:
 PSYoungGen      total 4096K, used 1356K [0x00000000d5580000, 0x00000000d5c80000, 0x0000000100000000)
  eden space 3072K, 22% used [0x00000000d5580000,0x00000000d562b128,0x00000000d5880000)
  from space 1024K, 65% used [0x00000000d5b80000,0x00000000d5c28000,0x00000000d5c80000)
  to   space 1024K, 0% used [0x00000000d5a80000,0x00000000d5a80000,0x00000000d5b80000)
 ParOldGen       total 397312K, used 397224K [0x0000000080000000, 0x0000000098400000, 0x00000000d5580000)
  object space 397312K, 99% used [0x0000000080000000,0x00000000983ea100,0x0000000098400000)
 Metaspace       used 90460K, committed 92224K, reserved 1179648K
  class space    used 9488K, committed 10240K, reserved 1048576K

Card table byte_map: [0x000002084a200000,0x000002084a610000] _byte_map_base: 0x0000020849e00000

Marking Bits: (ParMarkBitMap*) 0x00007ffe8a043450
 Begin Bits: [0x000002085cd10000, 0x000002085ed10000)
 End Bits:   [0x000002085ed10000, 0x0000020860d10000)

Polling page: 0x00000208486d0000

Metaspace:

Usage:
  Non-class:     79.07 MB used.
      Class:      9.27 MB used.
       Both:     88.34 MB used.

Virtual space:
  Non-class space:      128.00 MB reserved,      80.06 MB ( 63%) committed,  2 nodes.
      Class space:        1.00 GB reserved,      10.00 MB ( <1%) committed,  1 nodes.
             Both:        1.12 GB reserved,      90.06 MB (  8%) committed. 

Chunk freelists:
   Non-Class:  15.14 MB
       Class:  5.85 MB
        Both:  20.99 MB

MaxMetaspaceSize: unlimited
CompressedClassSpaceSize: 1.00 GB
Initial GC threshold: 21.00 MB
Current GC threshold: 137.12 MB
CDS: on
 - commit_granule_bytes: 65536.
 - commit_granule_words: 8192.
 - virtual_space_node_default_size: 8388608.
 - enlarge_chunks_in_place: 1.
 - use_allocation_guard: 0.


Internal statistics:

num_allocs_failed_limit: 9.
num_arena_births: 1770.
num_arena_deaths: 388.
num_vsnodes_births: 3.
num_vsnodes_deaths: 0.
num_space_committed: 1441.
num_space_uncommitted: 0.
num_chunks_returned_to_freelist: 489.
num_chunks_taken_from_freelist: 6327.
num_chunk_merges: 144.
num_chunk_splits: 3699.
num_chunks_enlarged: 2083.
num_inconsistent_stats: 0.

CodeHeap 'non-profiled nmethods': size=119168Kb used=17282Kb max_used=17282Kb free=101885Kb
 bounds [0x0000020855600000, 0x00000208566f0000, 0x000002085ca60000]
CodeHeap 'profiled nmethods': size=119104Kb used=46163Kb max_used=46163Kb free=72940Kb
 bounds [0x000002084da60000, 0x0000020850780000, 0x0000020854eb0000]
CodeHeap 'non-nmethods': size=7488Kb used=3230Kb max_used=3271Kb free=4257Kb
 bounds [0x0000020854eb0000, 0x00000208551f0000, 0x0000020855600000]
CodeCache: size=245760Kb, used=66675Kb, max_used=66716Kb, free=179082Kb
 total_blobs=19312, nmethods=18448, adapters=763, full_count=0
Compilation: enabled, stopped_count=0, restarted_count=0

Compilation events (20 events):
Event: 5400.035 Thread 0x000002084a91aec0 20129       4       org.eclipse.jdt.internal.compiler.parser.Parser::currentRecoveryType (36 bytes)
Event: 5400.037 Thread 0x000002084a91aec0 nmethod 20129 0x00000208566de310 code [0x00000208566de4a0, 0x00000208566de5c8]
Event: 5400.037 Thread 0x000002084a91aec0 20123       4       lombok.eclipse.TransformEclipseAST$AnnotationVisitor::visitAnnotationOnType (41 bytes)
Event: 5400.041 Thread 0x000002086a912610 20135       3       java.lang.AbstractStringBuilder::insert (54 bytes)
Event: 5400.041 Thread 0x000002087124e7e0 20134       3       java.lang.StringBuilder::insert (9 bytes)
Event: 5400.041 Thread 0x000002087124e7e0 nmethod 20134 0x000002085076d090 code [0x000002085076d240, 0x000002085076d390]
Event: 5400.042 Thread 0x000002086a912610 nmethod 20135 0x000002085076d410 code [0x000002085076d660, 0x000002085076dd08]
Event: 5400.042 Thread 0x000002086a912610 20136       3       org.eclipse.jdt.core.dom.ASTConverter::convert (509 bytes)
Event: 5400.043 Thread 0x000002087124e110 20137       3       org.eclipse.jdt.core.dom.DefaultASTVisitor::visit (6 bytes)
Event: 5400.043 Thread 0x000002084a91daa0 20138       3       org.eclipse.jdt.core.dom.DefaultASTVisitor::endVisit (6 bytes)
Event: 5400.043 Thread 0x000002084a91daa0 nmethod 20138 0x000002085076e010 code [0x000002085076e1c0, 0x000002085076e388]
Event: 5400.043 Thread 0x000002087124e110 nmethod 20137 0x000002085076e410 code [0x000002085076e5c0, 0x000002085076e788]
Event: 5400.044 Thread 0x000002087124e110 20139       3       org.eclipse.jdt.core.dom.ASTRecoveryPropagator::flagNodeWithInsertedTokens (95 bytes)
Event: 5400.045 Thread 0x000002087124e110 nmethod 20139 0x000002085076e810 code [0x000002085076ea80, 0x000002085076f7d8]
Event: 5400.046 Thread 0x000002086a912610 nmethod 20136 0x000002085076fc90 code [0x00000208507702a0, 0x0000020850773910]
Event: 5400.058 Thread 0x000002084a91aec0 nmethod 20123 0x00000208566de710 code [0x00000208566de9e0, 0x00000208566df570]
Event: 5400.058 Thread 0x000002084a91aec0 20140       4       org.eclipse.jdt.core.compiler.CharOperation::subarray (47 bytes)
Event: 5400.060 Thread 0x000002084a91aec0 nmethod 20140 0x00000208566e0110 code [0x00000208566e02c0, 0x00000208566e0520]
Event: 5400.060 Thread 0x000002084a91aec0 20097       4       org.eclipse.jdt.internal.compiler.ast.Expression::setExpectedType (1 bytes)
Event: 5400.060 Thread 0x000002084a91aec0 nmethod 20097 0x00000208566e0690 code [0x00000208566e0820, 0x00000208566e08a8]

GC Heap History (20 events):
Event: 5399.531 GC heap before
{Heap before GC invocations=743 (full 4):
 PSYoungGen      total 4096K, used 3648K [0x00000000d5580000, 0x00000000d5e00000, 0x0000000100000000)
  eden space 3072K, 100% used [0x00000000d5580000,0x00000000d5880000,0x00000000d5880000)
  from space 1024K, 56% used [0x00000000d5d00000,0x00000000d5d90000,0x00000000d5e00000)
  to   space 2048K, 0% used [0x00000000d5a00000,0x00000000d5a00000,0x00000000d5c00000)
 ParOldGen       total 392704K, used 392609K [0x0000000080000000, 0x0000000097f80000, 0x00000000d5580000)
  object space 392704K, 99% used [0x0000000080000000,0x0000000097f68790,0x0000000097f80000)
 Metaspace       used 90387K, committed 92160K, reserved 1179648K
  class space    used 9488K, committed 10240K, reserved 1048576K
}
Event: 5399.533 GC heap after
{Heap after GC invocations=743 (full 4):
 PSYoungGen      total 5120K, used 650K [0x00000000d5580000, 0x00000000d5d80000, 0x0000000100000000)
  eden space 3072K, 0% used [0x00000000d5580000,0x00000000d5580000,0x00000000d5880000)
  from space 2048K, 31% used [0x00000000d5a00000,0x00000000d5aa2930,0x00000000d5c00000)
  to   space 1024K, 0% used [0x00000000d5c80000,0x00000000d5c80000,0x00000000d5d80000)
 ParOldGen       total 393216K, used 392977K [0x0000000080000000, 0x0000000098000000, 0x00000000d5580000)
  object space 393216K, 99% used [0x0000000080000000,0x0000000097fc47b0,0x0000000098000000)
 Metaspace       used 90387K, committed 92160K, reserved 1179648K
  class space    used 9488K, committed 10240K, reserved 1048576K
}
Event: 5399.542 GC heap before
{Heap before GC invocations=744 (full 4):
 PSYoungGen      total 5120K, used 3722K [0x00000000d5580000, 0x00000000d5d80000, 0x0000000100000000)
  eden space 3072K, 99% used [0x00000000d5580000,0x00000000d587ffd0,0x00000000d5880000)
  from space 2048K, 31% used [0x00000000d5a00000,0x00000000d5aa2930,0x00000000d5c00000)
  to   space 1024K, 0% used [0x00000000d5c80000,0x00000000d5c80000,0x00000000d5d80000)
 ParOldGen       total 393216K, used 392977K [0x0000000080000000, 0x0000000098000000, 0x00000000d5580000)
  object space 393216K, 99% used [0x0000000080000000,0x0000000097fc47b0,0x0000000098000000)
 Metaspace       used 90388K, committed 92160K, reserved 1179648K
  class space    used 9488K, committed 10240K, reserved 1048576K
}
Event: 5399.543 GC heap after
{Heap after GC invocations=744 (full 4):
 PSYoungGen      total 4096K, used 576K [0x00000000d5580000, 0x00000000d5d80000, 0x0000000100000000)
  eden space 3072K, 0% used [0x00000000d5580000,0x00000000d5580000,0x00000000d5880000)
  from space 1024K, 56% used [0x00000000d5c80000,0x00000000d5d10000,0x00000000d5d80000)
  to   space 1024K, 0% used [0x00000000d5b80000,0x00000000d5b80000,0x00000000d5c80000)
 ParOldGen       total 393728K, used 393435K [0x0000000080000000, 0x0000000098080000, 0x00000000d5580000)
  object space 393728K, 99% used [0x0000000080000000,0x0000000098036c70,0x0000000098080000)
 Metaspace       used 90388K, committed 92160K, reserved 1179648K
  class space    used 9488K, committed 10240K, reserved 1048576K
}
Event: 5399.636 GC heap before
{Heap before GC invocations=745 (full 4):
 PSYoungGen      total 4096K, used 3648K [0x00000000d5580000, 0x00000000d5d80000, 0x0000000100000000)
  eden space 3072K, 100% used [0x00000000d5580000,0x00000000d5880000,0x00000000d5880000)
  from space 1024K, 56% used [0x00000000d5c80000,0x00000000d5d10000,0x00000000d5d80000)
  to   space 1024K, 0% used [0x00000000d5b80000,0x00000000d5b80000,0x00000000d5c80000)
 ParOldGen       total 393728K, used 393435K [0x0000000080000000, 0x0000000098080000, 0x00000000d5580000)
  object space 393728K, 99% used [0x0000000080000000,0x0000000098036c70,0x0000000098080000)
 Metaspace       used 90417K, committed 92224K, reserved 1179648K
  class space    used 9488K, committed 10240K, reserved 1048576K
}
Event: 5399.639 GC heap after
{Heap after GC invocations=745 (full 4):
 PSYoungGen      total 4096K, used 672K [0x00000000d5580000, 0x00000000d5d00000, 0x0000000100000000)
  eden space 3072K, 0% used [0x00000000d5580000,0x00000000d5580000,0x00000000d5880000)
  from space 1024K, 65% used [0x00000000d5b80000,0x00000000d5c28000,0x00000000d5c80000)
  to   space 512K, 0% used [0x00000000d5c80000,0x00000000d5c80000,0x00000000d5d00000)
 ParOldGen       total 394240K, used 393803K [0x0000000080000000, 0x0000000098100000, 0x00000000d5580000)
  object space 394240K, 99% used [0x0000000080000000,0x0000000098092c90,0x0000000098100000)
 Metaspace       used 90417K, committed 92224K, reserved 1179648K
  class space    used 9488K, committed 10240K, reserved 1048576K
}
Event: 5399.672 GC heap before
{Heap before GC invocations=746 (full 4):
 PSYoungGen      total 4096K, used 3744K [0x00000000d5580000, 0x00000000d5d00000, 0x0000000100000000)
  eden space 3072K, 100% used [0x00000000d5580000,0x00000000d5880000,0x00000000d5880000)
  from space 1024K, 65% used [0x00000000d5b80000,0x00000000d5c28000,0x00000000d5c80000)
  to   space 512K, 0% used [0x00000000d5c80000,0x00000000d5c80000,0x00000000d5d00000)
 ParOldGen       total 394240K, used 393803K [0x0000000080000000, 0x0000000098100000, 0x00000000d5580000)
  object space 394240K, 99% used [0x0000000080000000,0x0000000098092c90,0x0000000098100000)
 Metaspace       used 90419K, committed 92224K, reserved 1179648K
  class space    used 9488K, committed 10240K, reserved 1048576K
}
Event: 5399.674 GC heap after
{Heap after GC invocations=746 (full 4):
 PSYoungGen      total 3584K, used 506K [0x00000000d5580000, 0x00000000d5d00000, 0x0000000100000000)
  eden space 3072K, 0% used [0x00000000d5580000,0x00000000d5580000,0x00000000d5880000)
  from space 512K, 98% used [0x00000000d5c80000,0x00000000d5cfe900,0x00000000d5d00000)
  to   space 1024K, 0% used [0x00000000d5b00000,0x00000000d5b00000,0x00000000d5c00000)
 ParOldGen       total 394240K, used 394195K [0x0000000080000000, 0x0000000098100000, 0x00000000d5580000)
  object space 394240K, 99% used [0x0000000080000000,0x00000000980f4c90,0x0000000098100000)
 Metaspace       used 90419K, committed 92224K, reserved 1179648K
  class space    used 9488K, committed 10240K, reserved 1048576K
}
Event: 5399.706 GC heap before
{Heap before GC invocations=747 (full 4):
 PSYoungGen      total 3584K, used 3578K [0x00000000d5580000, 0x00000000d5d00000, 0x0000000100000000)
  eden space 3072K, 100% used [0x00000000d5580000,0x00000000d5880000,0x00000000d5880000)
  from space 512K, 98% used [0x00000000d5c80000,0x00000000d5cfe900,0x00000000d5d00000)
  to   space 1024K, 0% used [0x00000000d5b00000,0x00000000d5b00000,0x00000000d5c00000)
 ParOldGen       total 394240K, used 394195K [0x0000000080000000, 0x0000000098100000, 0x00000000d5580000)
  object space 394240K, 99% used [0x0000000080000000,0x00000000980f4c90,0x0000000098100000)
 Metaspace       used 90420K, committed 92224K, reserved 1179648K
  class space    used 9488K, committed 10240K, reserved 1048576K
}
Event: 5399.708 GC heap after
{Heap after GC invocations=747 (full 4):
 PSYoungGen      total 4096K, used 640K [0x00000000d5580000, 0x00000000d5d00000, 0x0000000100000000)
  eden space 3072K, 0% used [0x00000000d5580000,0x00000000d5580000,0x00000000d5880000)
  from space 1024K, 62% used [0x00000000d5b00000,0x00000000d5ba0000,0x00000000d5c00000)
  to   space 1024K, 0% used [0x00000000d5c00000,0x00000000d5c00000,0x00000000d5d00000)
 ParOldGen       total 394752K, used 394654K [0x0000000080000000, 0x0000000098180000, 0x00000000d5580000)
  object space 394752K, 99% used [0x0000000080000000,0x0000000098167970,0x0000000098180000)
 Metaspace       used 90420K, committed 92224K, reserved 1179648K
  class space    used 9488K, committed 10240K, reserved 1048576K
}
Event: 5399.859 GC heap before
{Heap before GC invocations=748 (full 4):
 PSYoungGen      total 4096K, used 3712K [0x00000000d5580000, 0x00000000d5d00000, 0x0000000100000000)
  eden space 3072K, 100% used [0x00000000d5580000,0x00000000d5880000,0x00000000d5880000)
  from space 1024K, 62% used [0x00000000d5b00000,0x00000000d5ba0000,0x00000000d5c00000)
  to   space 1024K, 0% used [0x00000000d5c00000,0x00000000d5c00000,0x00000000d5d00000)
 ParOldGen       total 394752K, used 394654K [0x0000000080000000, 0x0000000098180000, 0x00000000d5580000)
  object space 394752K, 99% used [0x0000000080000000,0x0000000098167970,0x0000000098180000)
 Metaspace       used 90424K, committed 92224K, reserved 1179648K
  class space    used 9488K, committed 10240K, reserved 1048576K
}
Event: 5399.861 GC heap after
{Heap after GC invocations=748 (full 4):
 PSYoungGen      total 4096K, used 628K [0x00000000d5580000, 0x00000000d5d00000, 0x0000000100000000)
  eden space 3072K, 0% used [0x00000000d5580000,0x00000000d5580000,0x00000000d5880000)
  from space 1024K, 61% used [0x00000000d5c00000,0x00000000d5c9d220,0x00000000d5d00000)
  to   space 1024K, 0% used [0x00000000d5b00000,0x00000000d5b00000,0x00000000d5c00000)
 ParOldGen       total 395264K, used 395166K [0x0000000080000000, 0x0000000098200000, 0x00000000d5580000)
  object space 395264K, 99% used [0x0000000080000000,0x00000000981e7990,0x0000000098200000)
 Metaspace       used 90424K, committed 92224K, reserved 1179648K
  class space    used 9488K, committed 10240K, reserved 1048576K
}
Event: 5399.871 GC heap before
{Heap before GC invocations=749 (full 4):
 PSYoungGen      total 4096K, used 3700K [0x00000000d5580000, 0x00000000d5d00000, 0x0000000100000000)
  eden space 3072K, 100% used [0x00000000d5580000,0x00000000d5880000,0x00000000d5880000)
  from space 1024K, 61% used [0x00000000d5c00000,0x00000000d5c9d220,0x00000000d5d00000)
  to   space 1024K, 0% used [0x00000000d5b00000,0x00000000d5b00000,0x00000000d5c00000)
 ParOldGen       total 395264K, used 395166K [0x0000000080000000, 0x0000000098200000, 0x00000000d5580000)
  object space 395264K, 99% used [0x0000000080000000,0x00000000981e7990,0x0000000098200000)
 Metaspace       used 90424K, committed 92224K, reserved 1179648K
  class space    used 9488K, committed 10240K, reserved 1048576K
}
Event: 5399.872 GC heap after
{Heap after GC invocations=749 (full 4):
 PSYoungGen      total 4096K, used 672K [0x00000000d5580000, 0x00000000d5c80000, 0x0000000100000000)
  eden space 3072K, 0% used [0x00000000d5580000,0x00000000d5580000,0x00000000d5880000)
  from space 1024K, 65% used [0x00000000d5b00000,0x00000000d5ba8000,0x00000000d5c00000)
  to   space 512K, 0% used [0x00000000d5c00000,0x00000000d5c00000,0x00000000d5c80000)
 ParOldGen       total 395776K, used 395606K [0x0000000080000000, 0x0000000098280000, 0x00000000d5580000)
  object space 395776K, 99% used [0x0000000080000000,0x0000000098255bc0,0x0000000098280000)
 Metaspace       used 90424K, committed 92224K, reserved 1179648K
  class space    used 9488K, committed 10240K, reserved 1048576K
}
Event: 5400.010 GC heap before
{Heap before GC invocations=750 (full 4):
 PSYoungGen      total 4096K, used 3744K [0x00000000d5580000, 0x00000000d5c80000, 0x0000000100000000)
  eden space 3072K, 100% used [0x00000000d5580000,0x00000000d5880000,0x00000000d5880000)
  from space 1024K, 65% used [0x00000000d5b00000,0x00000000d5ba8000,0x00000000d5c00000)
  to   space 512K, 0% used [0x00000000d5c00000,0x00000000d5c00000,0x00000000d5c80000)
 ParOldGen       total 395776K, used 395606K [0x0000000080000000, 0x0000000098280000, 0x00000000d5580000)
  object space 395776K, 99% used [0x0000000080000000,0x0000000098255bc0,0x0000000098280000)
 Metaspace       used 90454K, committed 92224K, reserved 1179648K
  class space    used 9488K, committed 10240K, reserved 1048576K
}
Event: 5400.012 GC heap after
{Heap after GC invocations=750 (full 4):
 PSYoungGen      total 3584K, used 496K [0x00000000d5580000, 0x00000000d5c80000, 0x0000000100000000)
  eden space 3072K, 0% used [0x00000000d5580000,0x00000000d5580000,0x00000000d5880000)
  from space 512K, 96% used [0x00000000d5c00000,0x00000000d5c7c010,0x00000000d5c80000)
  to   space 1536K, 0% used [0x00000000d5980000,0x00000000d5980000,0x00000000d5b00000)
 ParOldGen       total 396288K, used 396254K [0x0000000080000000, 0x0000000098300000, 0x00000000d5580000)
  object space 396288K, 99% used [0x0000000080000000,0x00000000982f7be0,0x0000000098300000)
 Metaspace       used 90454K, committed 92224K, reserved 1179648K
  class space    used 9488K, committed 10240K, reserved 1048576K
}
Event: 5400.024 GC heap before
{Heap before GC invocations=751 (full 4):
 PSYoungGen      total 3584K, used 3568K [0x00000000d5580000, 0x00000000d5c80000, 0x0000000100000000)
  eden space 3072K, 100% used [0x00000000d5580000,0x00000000d5880000,0x00000000d5880000)
  from space 512K, 96% used [0x00000000d5c00000,0x00000000d5c7c010,0x00000000d5c80000)
  to   space 1536K, 0% used [0x00000000d5980000,0x00000000d5980000,0x00000000d5b00000)
 ParOldGen       total 396288K, used 396254K [0x0000000080000000, 0x0000000098300000, 0x00000000d5580000)
  object space 396288K, 99% used [0x0000000080000000,0x00000000982f7be0,0x0000000098300000)
 Metaspace       used 90454K, committed 92224K, reserved 1179648K
  class space    used 9488K, committed 10240K, reserved 1048576K
}
Event: 5400.025 GC heap after
{Heap after GC invocations=751 (full 4):
 PSYoungGen      total 4608K, used 666K [0x00000000d5580000, 0x00000000d5c80000, 0x0000000100000000)
  eden space 3072K, 0% used [0x00000000d5580000,0x00000000d5580000,0x00000000d5880000)
  from space 1536K, 43% used [0x00000000d5980000,0x00000000d5a26900,0x00000000d5b00000)
  to   space 1024K, 0% used [0x00000000d5b80000,0x00000000d5b80000,0x00000000d5c80000)
 ParOldGen       total 396800K, used 396679K [0x0000000080000000, 0x0000000098380000, 0x00000000d5580000)
  object space 396800K, 99% used [0x0000000080000000,0x0000000098361ee0,0x0000000098380000)
 Metaspace       used 90454K, committed 92224K, reserved 1179648K
  class space    used 9488K, committed 10240K, reserved 1048576K
}
Event: 5400.043 GC heap before
{Heap before GC invocations=752 (full 4):
 PSYoungGen      total 4608K, used 3738K [0x00000000d5580000, 0x00000000d5c80000, 0x0000000100000000)
  eden space 3072K, 100% used [0x00000000d5580000,0x00000000d5880000,0x00000000d5880000)
  from space 1536K, 43% used [0x00000000d5980000,0x00000000d5a26900,0x00000000d5b00000)
  to   space 1024K, 0% used [0x00000000d5b80000,0x00000000d5b80000,0x00000000d5c80000)
 ParOldGen       total 396800K, used 396679K [0x0000000080000000, 0x0000000098380000, 0x00000000d5580000)
  object space 396800K, 99% used [0x0000000080000000,0x0000000098361ee0,0x0000000098380000)
 Metaspace       used 90458K, committed 92224K, reserved 1179648K
  class space    used 9488K, committed 10240K, reserved 1048576K
}
Event: 5400.044 GC heap after
{Heap after GC invocations=752 (full 4):
 PSYoungGen      total 4096K, used 672K [0x00000000d5580000, 0x00000000d5c80000, 0x0000000100000000)
  eden space 3072K, 0% used [0x00000000d5580000,0x00000000d5580000,0x00000000d5880000)
  from space 1024K, 65% used [0x00000000d5b80000,0x00000000d5c28000,0x00000000d5c80000)
  to   space 1024K, 0% used [0x00000000d5a80000,0x00000000d5a80000,0x00000000d5b80000)
 ParOldGen       total 397312K, used 397224K [0x0000000080000000, 0x0000000098400000, 0x00000000d5580000)
  object space 397312K, 99% used [0x0000000080000000,0x00000000983ea100,0x0000000098400000)
 Metaspace       used 90458K, committed 92224K, reserved 1179648K
  class space    used 9488K, committed 10240K, reserved 1048576K
}

Dll operation events (12 events):
Event: 0.012 Loaded shared library c:\Users\sendy\.vscode\extensions\redhat.java-1.54.0-win32-x64\jre\21.0.10-win32-x86_64\bin\java.dll
Event: 0.066 Loaded shared library c:\Users\sendy\.vscode\extensions\redhat.java-1.54.0-win32-x64\jre\21.0.10-win32-x86_64\bin\zip.dll
Event: 0.085 Loaded shared library C:\Users\sendy\.vscode\extensions\redhat.java-1.54.0-win32-x64\jre\21.0.10-win32-x86_64\bin\instrument.dll
Event: 0.089 Loaded shared library C:\Users\sendy\.vscode\extensions\redhat.java-1.54.0-win32-x64\jre\21.0.10-win32-x86_64\bin\net.dll
Event: 0.091 Loaded shared library C:\Users\sendy\.vscode\extensions\redhat.java-1.54.0-win32-x64\jre\21.0.10-win32-x86_64\bin\nio.dll
Event: 0.094 Loaded shared library C:\Users\sendy\.vscode\extensions\redhat.java-1.54.0-win32-x64\jre\21.0.10-win32-x86_64\bin\zip.dll
Event: 0.108 Loaded shared library C:\Users\sendy\.vscode\extensions\redhat.java-1.54.0-win32-x64\jre\21.0.10-win32-x86_64\bin\jimage.dll
Event: 0.175 Loaded shared library c:\Users\sendy\.vscode\extensions\redhat.java-1.54.0-win32-x64\jre\21.0.10-win32-x86_64\bin\verify.dll
Event: 1.347 Loaded shared library C:\Users\sendy\AppData\Roaming\Code\User\globalStorage\redhat.java\1.54.0\config_win\org.eclipse.equinox.launcher\org.eclipse.equinox.launcher.win32.win32.x86_64_1.3.0.v20260203-2149\eclipse_11919.dll
Event: 4.740 Loaded shared library C:\Users\sendy\AppData\Local\Temp\jna-109322737\jna15414100920275590980.dll
Event: 3198.376 Loaded shared library C:\Users\sendy\.vscode\extensions\redhat.java-1.54.0-win32-x64\jre\21.0.10-win32-x86_64\bin\extnet.dll
Event: 4589.584 Loaded shared library C:\Users\sendy\.vscode\extensions\redhat.java-1.54.0-win32-x64\jre\21.0.10-win32-x86_64\bin\sunmscapi.dll

Deoptimization events (20 events):
Event: 5399.862 Thread 0x000002086961f3a0 DEOPT PACKING pc=0x000002085065ba60 sp=0x00000059b08fdd90
Event: 5399.862 Thread 0x000002086961f3a0 DEOPT UNPACKING pc=0x0000020854f04242 sp=0x00000059b08fd240 mode 0
Event: 5399.870 Thread 0x000002086961f3a0 DEOPT PACKING pc=0x00000208506307eb sp=0x00000059b08fce90
Event: 5399.870 Thread 0x000002086961f3a0 DEOPT UNPACKING pc=0x0000020854f04242 sp=0x00000059b08fc3c0 mode 0
Event: 5399.886 Thread 0x000002086961f3a0 Uncommon trap: trap_request=0xffffff6e fr.pc=0x00000208566adf90 relative=0x0000000000001db0
Event: 5399.886 Thread 0x000002086961f3a0 Uncommon trap: reason=loop_limit_check action=maybe_recompile pc=0x00000208566adf90 method=org.eclipse.jdt.core.dom.DefaultCommentMapper.storeTrailingComments(Lorg/eclipse/jdt/core/dom/ASTNode;IZ[I)I @ 769 c2
Event: 5399.886 Thread 0x000002086961f3a0 DEOPT PACKING pc=0x00000208566adf90 sp=0x00000059b08fe3b0
Event: 5399.887 Thread 0x000002086961f3a0 DEOPT UNPACKING pc=0x0000020854f03aa2 sp=0x00000059b08fe318 mode 2
Event: 5399.887 Thread 0x000002086961f3a0 Uncommon trap: trap_request=0xffffff6e fr.pc=0x00000208566baf9c relative=0x000000000000123c
Event: 5399.887 Thread 0x000002086961f3a0 Uncommon trap: reason=loop_limit_check action=maybe_recompile pc=0x00000208566baf9c method=org.eclipse.jdt.core.dom.DefaultCommentMapper.storeLeadingComments(Lorg/eclipse/jdt/core/dom/ASTNode;I[I)I @ 246 c2
Event: 5399.887 Thread 0x000002086961f3a0 DEOPT PACKING pc=0x00000208566baf9c sp=0x00000059b08fe3c0
Event: 5399.887 Thread 0x000002086961f3a0 DEOPT UNPACKING pc=0x0000020854f03aa2 sp=0x00000059b08fe338 mode 2
Event: 5399.967 Thread 0x0000020868d80a00 DEOPT PACKING pc=0x000002085065ba60 sp=0x00000059adefe740
Event: 5399.967 Thread 0x0000020868d80a00 DEOPT UNPACKING pc=0x0000020854f04242 sp=0x00000059adefdbf0 mode 0
Event: 5399.968 Thread 0x0000020868d80a00 DEOPT PACKING pc=0x000002085065ba60 sp=0x00000059adefe6a0
Event: 5399.968 Thread 0x0000020868d80a00 DEOPT UNPACKING pc=0x0000020854f04242 sp=0x00000059adefdb50 mode 0
Event: 5399.968 Thread 0x0000020868d80a00 Uncommon trap: trap_request=0xffffff6e fr.pc=0x00000208566a039c relative=0x00000000000014fc
Event: 5399.968 Thread 0x0000020868d80a00 Uncommon trap: reason=loop_limit_check action=maybe_recompile pc=0x00000208566a039c method=org.eclipse.jdt.internal.compiler.parser.diagnose.DiagnoseParser.scopeTrialCheck([IILorg/eclipse/jdt/internal/compiler/parser/diagnose/DiagnoseParser$PrimaryRepairI
Event: 5399.968 Thread 0x0000020868d80a00 DEOPT PACKING pc=0x00000208566a039c sp=0x00000059adefe6f0
Event: 5399.968 Thread 0x0000020868d80a00 DEOPT UNPACKING pc=0x0000020854f03aa2 sp=0x00000059adefe660 mode 2

Classes loaded (20 events):
Event: 5294.557 Loading class java/util/stream/ReduceOps$5
Event: 5294.564 Loading class java/util/stream/ReduceOps$5 done
Event: 5294.564 Loading class java/util/stream/ReduceOps$CountingSink$OfRef
Event: 5294.565 Loading class java/util/stream/ReduceOps$CountingSink
Event: 5294.567 Loading class java/util/stream/ReduceOps$CountingSink done
Event: 5294.567 Loading class java/util/stream/ReduceOps$CountingSink$OfRef done
Event: 5294.651 Loading class java/util/ImmutableCollections$SubList
Event: 5294.652 Loading class java/util/ImmutableCollections$SubList done
Event: 5294.684 Loading class java/util/zip/CheckedInputStream
Event: 5294.685 Loading class java/util/zip/CheckedInputStream done
Event: 5294.921 Loading class jdk/internal/module/IllegalAccessLogger
Event: 5294.921 Loading class jdk/internal/module/IllegalAccessLogger done
Event: 5294.951 Loading class java/util/concurrent/ArrayBlockingQueue
Event: 5294.952 Loading class java/util/concurrent/ArrayBlockingQueue done
Event: 5295.818 Loading class java/nio/BufferMismatch
Event: 5295.819 Loading class java/nio/BufferMismatch done
Event: 5398.593 Loading class sun/nio/fs/WindowsFileCopy
Event: 5398.594 Loading class sun/nio/fs/WindowsFileCopy done
Event: 5398.807 Loading class jdk/internal/module/IllegalAccessLogger
Event: 5398.807 Loading class jdk/internal/module/IllegalAccessLogger done

Classes unloaded (20 events):
Event: 4591.821 Thread 0x000002084a8ffae0 Unloading class 0x0000020801017400 'java/lang/invoke/LambdaForm$MH+0x0000020801017400'
Event: 4591.821 Thread 0x000002084a8ffae0 Unloading class 0x0000020801016400 'java/lang/invoke/LambdaForm$MH+0x0000020801016400'
Event: 4591.821 Thread 0x000002084a8ffae0 Unloading class 0x000002080100d800 'java/lang/invoke/LambdaForm$MH+0x000002080100d800'
Event: 4591.822 Thread 0x000002084a8ffae0 Unloading class 0x000002080100d400 'java/lang/invoke/LambdaForm$MH+0x000002080100d400'
Event: 4591.822 Thread 0x000002084a8ffae0 Unloading class 0x000002080100d000 'java/lang/invoke/LambdaForm$MH+0x000002080100d000'
Event: 4591.822 Thread 0x000002084a8ffae0 Unloading class 0x000002080100cc00 'java/lang/invoke/LambdaForm$MH+0x000002080100cc00'
Event: 4591.822 Thread 0x000002084a8ffae0 Unloading class 0x000002080100c800 'java/lang/invoke/LambdaForm$BMH+0x000002080100c800'
Event: 4591.822 Thread 0x000002084a8ffae0 Unloading class 0x000002080100c000 'java/lang/invoke/LambdaForm$DMH+0x000002080100c000'
Event: 4591.822 Thread 0x000002084a8ffae0 Unloading class 0x0000020801008c00 'java/lang/invoke/LambdaForm$MH+0x0000020801008c00'
Event: 4591.822 Thread 0x000002084a8ffae0 Unloading class 0x0000020801008800 'java/lang/invoke/LambdaForm$MH+0x0000020801008800'
Event: 4591.823 Thread 0x000002084a8ffae0 Unloading class 0x0000020801008400 'java/lang/invoke/LambdaForm$MH+0x0000020801008400'
Event: 4591.823 Thread 0x000002084a8ffae0 Unloading class 0x0000020801007000 'java/lang/invoke/LambdaForm$MH+0x0000020801007000'
Event: 4591.823 Thread 0x000002084a8ffae0 Unloading class 0x0000020801006800 'java/lang/invoke/LambdaForm$MH+0x0000020801006800'
Event: 4591.823 Thread 0x000002084a8ffae0 Unloading class 0x0000020801006400 'java/lang/invoke/LambdaForm$MH+0x0000020801006400'
Event: 4591.823 Thread 0x000002084a8ffae0 Unloading class 0x0000020801006000 'java/lang/invoke/LambdaForm$MH+0x0000020801006000'
Event: 4591.823 Thread 0x000002084a8ffae0 Unloading class 0x0000020801005c00 'java/lang/invoke/LambdaForm$BMH+0x0000020801005c00'
Event: 4591.823 Thread 0x000002084a8ffae0 Unloading class 0x0000020801004800 'java/lang/invoke/LambdaForm$DMH+0x0000020801004800'
Event: 4591.823 Thread 0x000002084a8ffae0 Unloading class 0x0000020801002400 'java/lang/invoke/LambdaForm$MH+0x0000020801002400'
Event: 4591.823 Thread 0x000002084a8ffae0 Unloading class 0x0000020801002000 'java/lang/invoke/LambdaForm$MH+0x0000020801002000'
Event: 4591.823 Thread 0x000002084a8ffae0 Unloading class 0x0000020801001800 'java/lang/invoke/LambdaForm$MH+0x0000020801001800'

Classes redefined (0 events):
No events

Internal exceptions (20 events):
Event: 5294.490 Thread 0x000002086961b200 Exception <a 'sun/nio/fs/WindowsException'{0x00000000d5608fa8}> (0x00000000d5608fa8) 
thrown [s\src\hotspot\share\prims\jni.cpp, line 520]
Event: 5294.490 Thread 0x000002086961b200 Exception <a 'sun/nio/fs/WindowsException'{0x00000000d5609d00}> (0x00000000d5609d00) 
thrown [s\src\hotspot\share\prims\jni.cpp, line 520]
Event: 5294.522 Thread 0x0000020868d81720 Implicit null exception at 0x0000020856525762 to 0x0000020856525b9c
Event: 5294.615 Thread 0x0000020868d81720 Implicit null exception at 0x000002085640529e to 0x0000020856405f14
Event: 5294.616 Thread 0x0000020868d81720 Implicit null exception at 0x00000208564089fd to 0x0000020856408df0
Event: 5295.198 Thread 0x000002086c4669b0 Exception <a 'java/lang/NoSuchMethodError'{0x00000000d560db30}: 'java.lang.Object java.lang.invoke.DirectMethodHandle$Holder.invokeSpecial(java.lang.Object, java.lang.Object, int, java.lang.Object, java.lang.Object, java.lang.Object, java.lang.Object)'> (0x00000000d560db30) 
thrown [s\src\hotspot\share\interpreter\linkResolver.cpp, line 773]
Event: 5295.201 Thread 0x000002086c4669b0 Exception <a 'java/lang/NoSuchMethodError'{0x00000000d5614cc0}: 'java.lang.Object java.lang.invoke.DirectMethodHandle$Holder.newInvokeSpecial(java.lang.Object, java.lang.Object, int, java.lang.Object, java.lang.Object)'> (0x00000000d5614cc0) 
thrown [s\src\hotspot\share\interpreter\linkResolver.cpp, line 773]
Event: 5295.202 Thread 0x000002086c4669b0 Exception <a 'java/lang/NoSuchMethodError'{0x00000000d5618c30}: 'java.lang.Object java.lang.invoke.Invokers$Holder.linkToTargetMethod(java.lang.Object, int, java.lang.Object, java.lang.Object, java.lang.Object)'> (0x00000000d5618c30) 
thrown [s\src\hotspot\share\interpreter\linkResolver.cpp, line 773]
Event: 5295.219 Thread 0x000002086c4669b0 Exception <a 'java/lang/NoSuchMethodError'{0x00000000d562e9c0}: 'java.lang.Object java.lang.invoke.DirectMethodHandle$Holder.invokeSpecial(java.lang.Object, java.lang.Object, java.lang.Object, int, java.lang.Object, java.lang.Object, java.lang.Object)'> (0x00000000d562e9c0) 
thrown [s\src\hotspot\share\interpreter\linkResolver.cpp, line 773]
Event: 5295.304 Thread 0x000002086c4669b0 Exception <a 'java/lang/NoSuchMethodError'{0x00000000d55c1c40}: 'void java.lang.invoke.DirectMethodHandle$Holder.invokeStatic(java.lang.Object, int)'> (0x00000000d55c1c40) 
thrown [s\src\hotspot\share\interpreter\linkResolver.cpp, line 773]
Event: 5295.391 Thread 0x000002086c4669b0 Implicit null exception at 0x0000020855d99fd1 to 0x0000020855d9a248
Event: 5295.509 Thread 0x000002086c4669b0 Exception <a 'java/io/FileNotFoundException'{0x00000000d5631dd8}> (0x00000000d5631dd8) 
thrown [s\src\hotspot\share\prims\jni.cpp, line 520]
Event: 5295.509 Thread 0x000002086c4669b0 Exception <a 'java/io/FileNotFoundException'{0x00000000d5633070}> (0x00000000d5633070) 
thrown [s\src\hotspot\share\prims\jni.cpp, line 520]
Event: 5295.510 Thread 0x000002086c4669b0 Exception <a 'java/io/FileNotFoundException'{0x00000000d5634060}> (0x00000000d5634060) 
thrown [s\src\hotspot\share\prims\jni.cpp, line 520]
Event: 5295.625 Thread 0x000002086c4669b0 Implicit null exception at 0x000002085598639f to 0x000002085598704c
Event: 5295.638 Thread 0x000002086c4669b0 Implicit null exception at 0x0000020855ee08b5 to 0x0000020855ee0b51
Event: 5295.760 Thread 0x000002086c4669b0 Implicit null exception at 0x0000020856254857 to 0x00000208562564b4
Event: 5295.896 Thread 0x000002086c4669b0 Exception <a 'java/lang/NoSuchMethodError'{0x00000000d567ba58}: 'void java.lang.invoke.DirectMethodHandle$Holder.invokeSpecial(java.lang.Object, java.lang.Object, java.lang.Object, java.lang.Object, java.lang.Object, java.lang.Object, java.lang.Object)'> (0x00000000d567ba58) 
thrown [s\src\hotspot\share\interpreter\linkResolver.cpp, line 773]
Event: 5398.594 Thread 0x0000020868d81720 Exception <a 'sun/nio/fs/WindowsException'{0x00000000d59de750}> (0x00000000d59de750) 
thrown [s\src\hotspot\share\prims\jni.cpp, line 520]
Event: 5399.118 Thread 0x0000020868d81720 Exception <a 'sun/nio/fs/WindowsException'{0x00000000d56f6460}> (0x00000000d56f6460) 
thrown [s\src\hotspot\share\prims\jni.cpp, line 520]

ZGC Phase Switch (0 events):
No events

VM Operations (20 events):
Event: 5399.531 Executing safepoint VM operation: ParallelGCFailedAllocation (Allocation Failure)
Event: 5399.533 Executing safepoint VM operation: ParallelGCFailedAllocation (Allocation Failure) done
Event: 5399.542 Executing safepoint VM operation: ParallelGCFailedAllocation (Allocation Failure)
Event: 5399.543 Executing safepoint VM operation: ParallelGCFailedAllocation (Allocation Failure) done
Event: 5399.636 Executing safepoint VM operation: ParallelGCFailedAllocation (Allocation Failure)
Event: 5399.639 Executing safepoint VM operation: ParallelGCFailedAllocation (Allocation Failure) done
Event: 5399.672 Executing safepoint VM operation: ParallelGCFailedAllocation (Allocation Failure)
Event: 5399.674 Executing safepoint VM operation: ParallelGCFailedAllocation (Allocation Failure) done
Event: 5399.706 Executing safepoint VM operation: ParallelGCFailedAllocation (Allocation Failure)
Event: 5399.708 Executing safepoint VM operation: ParallelGCFailedAllocation (Allocation Failure) done
Event: 5399.859 Executing safepoint VM operation: ParallelGCFailedAllocation (Allocation Failure)
Event: 5399.861 Executing safepoint VM operation: ParallelGCFailedAllocation (Allocation Failure) done
Event: 5399.871 Executing safepoint VM operation: ParallelGCFailedAllocation (Allocation Failure)
Event: 5399.872 Executing safepoint VM operation: ParallelGCFailedAllocation (Allocation Failure) done
Event: 5400.010 Executing safepoint VM operation: ParallelGCFailedAllocation (Allocation Failure)
Event: 5400.012 Executing safepoint VM operation: ParallelGCFailedAllocation (Allocation Failure) done
Event: 5400.024 Executing safepoint VM operation: ParallelGCFailedAllocation (Allocation Failure)
Event: 5400.025 Executing safepoint VM operation: ParallelGCFailedAllocation (Allocation Failure) done
Event: 5400.043 Executing safepoint VM operation: ParallelGCFailedAllocation (Allocation Failure)
Event: 5400.044 Executing safepoint VM operation: ParallelGCFailedAllocation (Allocation Failure) done

Memory protections (0 events):
No events

Nmethod flushes (20 events):
Event: 4592.369 Thread 0x000002084a8ffae0 flushing  nmethod 0x000002084eb85d90
Event: 4592.369 Thread 0x000002084a8ffae0 flushing  nmethod 0x000002084eb86b10
Event: 4592.369 Thread 0x000002084a8ffae0 flushing  nmethod 0x000002084eb89210
Event: 4592.369 Thread 0x000002084a8ffae0 flushing  nmethod 0x000002084eb8f290
Event: 4592.369 Thread 0x000002084a8ffae0 flushing  nmethod 0x000002084eb90090
Event: 4592.369 Thread 0x000002084a8ffae0 flushing  nmethod 0x000002084eb92010
Event: 4592.369 Thread 0x000002084a8ffae0 flushing  nmethod 0x000002084eb9b110
Event: 4592.369 Thread 0x000002084a8ffae0 flushing  nmethod 0x000002084eb9ba10
Event: 4592.369 Thread 0x000002084a8ffae0 flushing  nmethod 0x000002084ebded10
Event: 4592.369 Thread 0x000002084a8ffae0 flushing  nmethod 0x000002084ec13610
Event: 4592.369 Thread 0x000002084a8ffae0 flushing  nmethod 0x000002084ec13c10
Event: 4592.369 Thread 0x000002084a8ffae0 flushing  nmethod 0x000002084ec14110
Event: 4592.369 Thread 0x000002084a8ffae0 flushing  nmethod 0x000002084ec3b090
Event: 4592.369 Thread 0x000002084a8ffae0 flushing  nmethod 0x000002084ec44010
Event: 4592.369 Thread 0x000002084a8ffae0 flushing  nmethod 0x000002084ec53b10
Event: 4592.369 Thread 0x000002084a8ffae0 flushing  nmethod 0x000002084ec77510
Event: 4592.369 Thread 0x000002084a8ffae0 flushing osr nmethod 0x000002084ec78090
Event: 4592.369 Thread 0x000002084a8ffae0 flushing  nmethod 0x000002084ec8f110
Event: 4592.369 Thread 0x000002084a8ffae0 flushing  nmethod 0x000002084ecc2710
Event: 4592.369 Thread 0x000002084a8ffae0 flushing  nmethod 0x000002084ecc2d10

Events (20 events):
Event: 5355.900 Thread 0x000002086b4ab410 Thread exited: 0x000002086b4ab410
Event: 5355.906 Thread 0x000002086c464250 Thread exited: 0x000002086c464250
Event: 5355.906 Thread 0x000002086c4669b0 Thread exited: 0x000002086c4669b0
Event: 5359.654 Thread 0x0000020869621b00 Thread exited: 0x0000020869621b00
Event: 5385.483 Thread 0x0000020869621470 Thread added: 0x000002086a2733b0
Event: 5385.484 Thread 0x000002086961d2d0 Thread added: 0x000002086a275b10
Event: 5385.551 Thread 0x000002084a91daa0 Thread added: 0x000002086cba8680
Event: 5386.111 Thread 0x000002086cba8680 Thread exited: 0x000002086cba8680
Event: 5397.538 Thread 0x000002086961fa30 Thread exited: 0x000002086961fa30
Event: 5398.581 Thread 0x0000020869622190 Thread added: 0x000002086a273a40
Event: 5398.605 Thread 0x000002084a91aec0 Thread added: 0x000002086a2f7050
Event: 5398.608 Thread 0x000002084a91daa0 Thread added: 0x000002086a912610
Event: 5398.608 Thread 0x000002084a91daa0 Thread added: 0x000002087124e110
Event: 5398.608 Thread 0x000002084a91daa0 Thread added: 0x000002087124e7e0
Event: 5398.649 Thread 0x000002086961b200 Thread added: 0x000002086a272d20
Event: 5398.741 Thread 0x000002086a273a40 Thread added: 0x000002086a2740d0
Event: 5398.808 Thread 0x000002086a273a40 Thread added: 0x000002086a276ec0
Event: 5399.011 Thread 0x0000020868d80a00 Thread added: 0x000002086a277be0
Event: 5399.488 Thread 0x000002086a2f7050 Thread exited: 0x000002086a2f7050
Event: 5399.547 Thread 0x000002087124e7e0 Thread added: 0x000002086cba8d50


Dynamic libraries:
0x00007ff77ed10000 - 0x00007ff77ed1e000 	c:\Users\sendy\.vscode\extensions\redhat.java-1.54.0-win32-x64\jre\21.0.10-win32-x86_64\bin\java.exe
0x00007fff25a40000 - 0x00007fff25ca7000 	C:\WINDOWS\SYSTEM32\ntdll.dll
0x00007fff24c30000 - 0x00007fff24cf9000 	C:\WINDOWS\System32\KERNEL32.DLL
0x00007fff23270000 - 0x00007fff23667000 	C:\WINDOWS\System32\KERNELBASE.dll
0x00007fff23670000 - 0x00007fff237bb000 	C:\WINDOWS\System32\ucrtbase.dll
0x00007fff1b1a0000 - 0x00007fff1b1b8000 	c:\Users\sendy\.vscode\extensions\redhat.java-1.54.0-win32-x64\jre\21.0.10-win32-x86_64\bin\jli.dll
0x00007fff133f0000 - 0x00007fff1340e000 	c:\Users\sendy\.vscode\extensions\redhat.java-1.54.0-win32-x64\jre\21.0.10-win32-x86_64\bin\VCRUNTIME140.dll
0x00007fff255a0000 - 0x00007fff25766000 	C:\WINDOWS\System32\USER32.dll
0x00007fff10ea0000 - 0x00007fff11132000 	C:\WINDOWS\WinSxS\amd64_microsoft.windows.common-controls_6595b64144ccf1df_6.0.26100.8457_none_3e0b2faee331e92d\COMCTL32.dll
0x00007fff225f0000 - 0x00007fff22617000 	C:\WINDOWS\System32\win32u.dll
0x00007fff238d0000 - 0x00007fff23979000 	C:\WINDOWS\System32\msvcrt.dll
0x00007fff25400000 - 0x00007fff2542b000 	C:\WINDOWS\System32\GDI32.dll
0x00007fff226b0000 - 0x00007fff227dc000 	C:\WINDOWS\System32\gdi32full.dll
0x00007fff23100000 - 0x00007fff231a3000 	C:\WINDOWS\System32\msvcp_win.dll
0x00007fff24d00000 - 0x00007fff24d32000 	C:\WINDOWS\System32\IMM32.DLL
0x00007fff1c9d0000 - 0x00007fff1c9dc000 	c:\Users\sendy\.vscode\extensions\redhat.java-1.54.0-win32-x64\jre\21.0.10-win32-x86_64\bin\vcruntime140_1.dll
0x00007ffeef970000 - 0x00007ffeef9fd000 	c:\Users\sendy\.vscode\extensions\redhat.java-1.54.0-win32-x64\jre\21.0.10-win32-x86_64\bin\msvcp140.dll
0x00007ffe89380000 - 0x00007ffe8a121000 	c:\Users\sendy\.vscode\extensions\redhat.java-1.54.0-win32-x64\jre\21.0.10-win32-x86_64\bin\server\jvm.dll
0x00007fff23ff0000 - 0x00007fff240a6000 	C:\WINDOWS\System32\ADVAPI32.dll
0x00007fff25350000 - 0x00007fff253f7000 	C:\WINDOWS\System32\sechost.dll
0x00007fff25780000 - 0x00007fff25898000 	C:\WINDOWS\System32\RPCRT4.dll
0x00007fff237c0000 - 0x00007fff23840000 	C:\WINDOWS\System32\WS2_32.dll
0x00007fff19030000 - 0x00007fff19066000 	C:\WINDOWS\SYSTEM32\WINMM.dll
0x00007fff1bb40000 - 0x00007fff1bb4b000 	C:\WINDOWS\SYSTEM32\VERSION.dll
0x00007fff222d0000 - 0x00007fff2232e000 	C:\WINDOWS\SYSTEM32\POWRPROF.dll
0x00007fff22200000 - 0x00007fff22214000 	C:\WINDOWS\SYSTEM32\UMPDC.dll
0x00007fff211a0000 - 0x00007fff211bb000 	C:\WINDOWS\SYSTEM32\kernel.appcore.dll
0x00007fff1a5a0000 - 0x00007fff1a5aa000 	c:\Users\sendy\.vscode\extensions\redhat.java-1.54.0-win32-x64\jre\21.0.10-win32-x86_64\bin\jimage.dll
0x00007fff1fd10000 - 0x00007fff1ff52000 	C:\WINDOWS\SYSTEM32\DBGHELP.DLL
0x00007fff24fc0000 - 0x00007fff25343000 	C:\WINDOWS\System32\combase.dll
0x00007fff24a90000 - 0x00007fff24b69000 	C:\WINDOWS\System32\OLEAUT32.dll
0x00007fff20150000 - 0x00007fff2018b000 	C:\WINDOWS\SYSTEM32\dbgcore.DLL
0x00007fff227e0000 - 0x00007fff22888000 	C:\WINDOWS\System32\bcryptPrimitives.dll
0x00007fff1a1c0000 - 0x00007fff1a1cf000 	c:\Users\sendy\.vscode\extensions\redhat.java-1.54.0-win32-x64\jre\21.0.10-win32-x86_64\bin\instrument.dll
0x00007fff03f30000 - 0x00007fff03f50000 	c:\Users\sendy\.vscode\extensions\redhat.java-1.54.0-win32-x64\jre\21.0.10-win32-x86_64\bin\java.dll
0x00007fff24310000 - 0x00007fff24a7e000 	C:\WINDOWS\System32\SHELL32.dll
0x00007fff22890000 - 0x00007fff230fc000 	C:\WINDOWS\System32\windows.storage.dll
0x00007fff25440000 - 0x00007fff25536000 	C:\WINDOWS\System32\SHCORE.dll
0x00007fff24e80000 - 0x00007fff24ee6000 	C:\WINDOWS\System32\shlwapi.dll
0x00007fff22390000 - 0x00007fff223b9000 	C:\WINDOWS\SYSTEM32\profapi.dll
0x00007fff133d0000 - 0x00007fff133e8000 	c:\Users\sendy\.vscode\extensions\redhat.java-1.54.0-win32-x64\jre\21.0.10-win32-x86_64\bin\zip.dll
0x00007fff19ec0000 - 0x00007fff19ed0000 	C:\Users\sendy\.vscode\extensions\redhat.java-1.54.0-win32-x64\jre\21.0.10-win32-x86_64\bin\net.dll
0x00007fff1c010000 - 0x00007fff1c139000 	C:\WINDOWS\SYSTEM32\WINHTTP.dll
0x00007fff21770000 - 0x00007fff217dc000 	C:\WINDOWS\system32\mswsock.dll
0x00007fff0f0f0000 - 0x00007fff0f106000 	C:\Users\sendy\.vscode\extensions\redhat.java-1.54.0-win32-x64\jre\21.0.10-win32-x86_64\bin\nio.dll
0x00007fff13ba0000 - 0x00007fff13bb0000 	c:\Users\sendy\.vscode\extensions\redhat.java-1.54.0-win32-x64\jre\21.0.10-win32-x86_64\bin\verify.dll
0x00007ffeefc00000 - 0x00007ffeefc45000 	C:\Users\sendy\AppData\Roaming\Code\User\globalStorage\redhat.java\1.54.0\config_win\org.eclipse.equinox.launcher\org.eclipse.equinox.launcher.win32.win32.x86_64_1.3.0.v20260203-2149\eclipse_11919.dll
0x00007fff24150000 - 0x00007fff242e7000 	C:\WINDOWS\System32\ole32.dll
0x00007fff21a50000 - 0x00007fff21a6b000 	C:\WINDOWS\SYSTEM32\CRYPTSP.dll
0x00007fff21160000 - 0x00007fff21199000 	C:\WINDOWS\system32\rsaenh.dll
0x00007fff21820000 - 0x00007fff21853000 	C:\WINDOWS\SYSTEM32\USERENV.dll
0x00007fff22360000 - 0x00007fff2238a000 	C:\WINDOWS\SYSTEM32\bcrypt.dll
0x00007fff21a70000 - 0x00007fff21a7c000 	C:\WINDOWS\SYSTEM32\CRYPTBASE.dll
0x00007fff20c60000 - 0x00007fff20c92000 	C:\WINDOWS\SYSTEM32\IPHLPAPI.DLL
0x00007fff25430000 - 0x00007fff2543a000 	C:\WINDOWS\System32\NSI.dll
0x00007ffee9060000 - 0x00007ffee90a9000 	C:\Users\sendy\AppData\Local\Temp\jna-109322737\jna15414100920275590980.dll
0x00007fff24e40000 - 0x00007fff24e48000 	C:\WINDOWS\System32\PSAPI.DLL
0x00007fff1c970000 - 0x00007fff1c98d000 	C:\WINDOWS\SYSTEM32\dhcpcsvc6.DLL
0x00007fff1c520000 - 0x00007fff1c545000 	C:\WINDOWS\SYSTEM32\dhcpcsvc.DLL
0x00007fff107a0000 - 0x00007fff107a9000 	C:\Users\sendy\.vscode\extensions\redhat.java-1.54.0-win32-x64\jre\21.0.10-win32-x86_64\bin\extnet.dll
0x00007fff13b40000 - 0x00007fff13b4e000 	C:\Users\sendy\.vscode\extensions\redhat.java-1.54.0-win32-x64\jre\21.0.10-win32-x86_64\bin\sunmscapi.dll
0x00007fff22470000 - 0x00007fff225e8000 	C:\WINDOWS\System32\CRYPT32.dll
0x00007fff21c70000 - 0x00007fff21ca0000 	C:\WINDOWS\SYSTEM32\ncrypt.dll
0x00007fff21c20000 - 0x00007fff21c5f000 	C:\WINDOWS\SYSTEM32\NTASN1.dll
0x00007fff20d00000 - 0x00007fff20e32000 	C:\WINDOWS\SYSTEM32\DNSAPI.dll
0x00007fff1b6a0000 - 0x00007fff1b6ab000 	C:\Windows\System32\rasadhlp.dll
0x00007fff1cf20000 - 0x00007fff1cfa6000 	C:\WINDOWS\System32\fwpuclnt.dll

JVMTI agents:
c:\Users\sendy\.vscode\extensions\redhat.java-1.54.0-win32-x64\lombok\lombok-1.18.39-4050.jar path:c:\Users\sendy\.vscode\extensions\redhat.java-1.54.0-win32-x64\jre\21.0.10-win32-x86_64\bin\instrument.dll, loaded, initialized, instrumentlib options:none

dbghelp: loaded successfully - version: 4.0.5 - missing functions: none
symbol engine: initialized successfully - sym options: 0x614 - pdb path: .;c:\Users\sendy\.vscode\extensions\redhat.java-1.54.0-win32-x64\jre\21.0.10-win32-x86_64\bin;C:\WINDOWS\SYSTEM32;C:\WINDOWS\WinSxS\amd64_microsoft.windows.common-controls_6595b64144ccf1df_6.0.26100.8457_none_3e0b2faee331e92d;c:\Users\sendy\.vscode\extensions\redhat.java-1.54.0-win32-x64\jre\21.0.10-win32-x86_64\bin\server;C:\Users\sendy\AppData\Roaming\Code\User\globalStorage\redhat.java\1.54.0\config_win\org.eclipse.equinox.launcher\org.eclipse.equinox.launcher.win32.win32.x86_64_1.3.0.v20260203-2149;C:\Users\sendy\AppData\Local\Temp\jna-109322737

VM Arguments:
jvm_args: --add-modules=ALL-SYSTEM --add-opens=java.base/java.util=ALL-UNNAMED --add-opens=java.base/java.lang=ALL-UNNAMED --add-opens=java.base/sun.nio.fs=ALL-UNNAMED -Declipse.application=org.eclipse.jdt.ls.core.id1 -Dosgi.bundles.defaultStartLevel=4 -Declipse.product=org.eclipse.jdt.ls.core.product -Djava.import.generatesMetadataFilesAtProjectRoot=false -DDetectVMInstallationsJob.disabled=true -Dfile.encoding=utf8 -XX:+UseParallelGC -XX:GCTimeRatio=4 -XX:AdaptiveSizePolicyWeight=90 -Dsun.zip.disableMemoryMapping=true -Xmx2G -Xms100m -Xlog:disable -javaagent:c:\Users\sendy\.vscode\extensions\redhat.java-1.54.0-win32-x64\lombok\lombok-1.18.39-4050.jar -XX:+HeapDumpOnOutOfMemoryError -XX:HeapDumpPath=c:\Users\sendy\AppData\Roaming\Code\User\workspaceStorage\3515da352bb3322cfc7f98cf190b8c9f\redhat.java -Daether.dependencyCollector.impl=bf 
java_command: c:\Users\sendy\.vscode\extensions\redhat.java-1.54.0-win32-x64\server\plugins\org.eclipse.equinox.launcher_1.7.100.v20251111-0406.jar -configuration c:\Users\sendy\AppData\Roaming\Code\User\globalStorage\redhat.java\1.54.0\config_win -data c:\Users\sendy\AppData\Roaming\Code\User\workspaceStorage\3515da352bb3322cfc7f98cf190b8c9f\redhat.java\jdt_ws --pipe=\\.\pipe\lsp-a73d811eb50a1813738cd42f2541c14a-sock
java_class_path (initial): c:\Users\sendy\.vscode\extensions\redhat.java-1.54.0-win32-x64\server\plugins\org.eclipse.equinox.launcher_1.7.100.v20251111-0406.jar
Launcher Type: SUN_STANDARD

[Global flags]
    uintx AdaptiveSizePolicyWeight                 = 90                                        {product} {command line}
     intx CICompilerCount                          = 12                                        {product} {ergonomic}
    uintx GCTimeRatio                              = 4                                         {product} {command line}
     bool HeapDumpOnOutOfMemoryError               = true                                   {manageable} {command line}
    ccstr HeapDumpPath                             = c:\Users\sendy\AppData\Roaming\Code\User\workspaceStorage\3515da352bb3322cfc7f98cf190b8c9f\redhat.java         {manageable} {command line}
   size_t InitialHeapSize                          = 104857600                                 {product} {command line}
   size_t MaxHeapSize                              = 2147483648                                {product} {command line}
   size_t MaxNewSize                               = 715653120                                 {product} {ergonomic}
   size_t MinHeapDeltaBytes                        = 524288                                    {product} {ergonomic}
   size_t MinHeapSize                              = 104857600                                 {product} {command line}
   size_t NewSize                                  = 34603008                                  {product} {ergonomic}
    uintx NonNMethodCodeHeapSize                   = 7602480                                {pd product} {ergonomic}
    uintx NonProfiledCodeHeapSize                  = 122027880                              {pd product} {ergonomic}
   size_t OldSize                                  = 70254592                                  {product} {ergonomic}
    uintx ProfiledCodeHeapSize                     = 122027880                              {pd product} {ergonomic}
    uintx ReservedCodeCacheSize                    = 251658240                              {pd product} {ergonomic}
     bool SegmentedCodeCache                       = true                                      {product} {ergonomic}
   size_t SoftMaxHeapSize                          = 2147483648                             {manageable} {ergonomic}
     bool UseCompressedOops                        = true                           {product lp64_product} {ergonomic}
     bool UseLargePagesIndividualAllocation        = false                                  {pd product} {ergonomic}
     bool UseParallelGC                            = true                                      {product} {command line}

Logging:
Log output configuration:
 #0: stdout all=off uptime,level,tags foldmultilines=false
 #1: stderr all=off uptime,level,tags foldmultilines=false

Release file:
JAVA_VERSION="21.0.10" 
MODULES="java.base java.compiler java.datatransfer java.xml java.prefs java.desktop java.instrument java.logging java.management java.security.sasl java.naming java.rmi java.management.rmi java.net.http java.scripting java.security.jgss java.transaction.xa java.sql java.sql.rowset java.xml.crypto java.se java.smartcardio jdk.accessibility jdk.internal.jvmstat jdk.attach jdk.charsets jdk.internal.opt jdk.zipfs jdk.compiler jdk.crypto.ec jdk.crypto.cryptoki jdk.crypto.mscapi jdk.dynalink jdk.internal.ed jdk.editpad jdk.hotspot.agent jdk.httpserver jdk.internal.le jdk.internal.vm.ci jdk.internal.vm.compiler jdk.internal.vm.compiler.management jdk.jartool jdk.javadoc jdk.jcmd jdk.management jdk.management.agent jdk.jconsole jdk.jdeps jdk.jdwp.agent jdk.jdi jdk.jfr jdk.jshell jdk.jsobject jdk.jstatd jdk.localedata jdk.management.jfr jdk.naming.dns jdk.naming.rmi jdk.net jdk.nio.mapmode jdk.random jdk.sctp jdk.security.auth jdk.security.jgss jdk.unsupported jdk.unsupported.desktop jdk.xml.dom" 

Environment Variables:
PATH=C:\Program Files\nodejs\;C:\Program Files\Python313\;C:\Program Files\Common Files\Oracle\Java\javapath;C:\WINDOWS\system32;C:\WINDOWS;C:\WINDOWS\System32\Wbem;C:\WINDOWS\System32\WindowsPowerShell\v1.0\;C:\WINDOWS\System32\OpenSSH\;C:\Program Files\Go\bin;C:\Users\sendy\OneDrive\Documents\TELKOM UNIVERSITY\PEMBELAJARAN\LOGIKA MATEMATIKA\swipl\bin;C:\Program Files\Git\cmd;C:\Program Files\Python313\Scripts\;C:\Program Files\Mosquitto;C:\Users\sendy\AppData\Local\Microsoft\WindowsApps;C:\Users\sendy\go\bin;C:\Users\sendy\AppData\Local\Programs\Microsoft VS Code\bin;C:\Users\sendy\Avogadro\bin;C:\Users\sendy\Downloads\Avogadro\bin;C:\Users\sendy\AppData\Roaming\npm
USERNAME=sendy
OS=Windows_NT
PROCESSOR_IDENTIFIER=AMD64 Family 23 Model 104 Stepping 1, AuthenticAMD
TMP=C:\Users\sendy\AppData\Local\Temp
TEMP=C:\Users\sendy\AppData\Local\Temp




Periodic native trim disabled

---------------  S Y S T E M  ---------------

OS:
 Windows 11 , 64 bit Build 26100 (10.0.26100.8328)
OS uptime: 5 days 19:59 hours

CPU: total 16 (initial active 16) (16 cores per cpu, 2 threads per core) family 23 model 104 stepping 1 microcode 0x8608102, cx8, cmov, fxsr, ht, mmx, 3dnowpref, sse, sse2, sse3, ssse3, sse4a, sse4.1, sse4.2, popcnt, lzcnt, tsc, tscinvbit, avx, avx2, aes, clmul, bmi1, bmi2, adx, sha, fma, vzeroupper, clflush, clflushopt, rdtscp, rdpid, f16c
Processor Information for the first 16 processors :
  Max Mhz: 1801, Current Mhz: 1801, Mhz Limit: 1801

Memory: 4k page, system-wide physical 7579M (552M free)
TotalPageFile size 17812M (AvailPageFile size 0M)
current process WorkingSet (physical memory assigned to process): 537M, peak: 554M
current process commit charge ("private bytes"): 800M, peak: 801M

vm_info: OpenJDK 64-Bit Server VM (21.0.10+7-LTS) for windows-amd64 JRE (21.0.10+7-LTS), built on 2026-01-20T00:00:00Z by "admin" with MS VC++ 17.12 (VS2022)

END.
