#
# There is insufficient memory for the Java Runtime Environment to continue.
# Native memory allocation (malloc) failed to allocate 499056 bytes. Error detail: Chunk::new
# Possible reasons:
#   The system is out of physical RAM or swap space
#   This process is running with CompressedOops enabled, and the Java Heap may be blocking the growth of the native heap
# Possible solutions:
#   Reduce memory load on the system
#   Increase physical memory or swap space
#   Check if swap backing store is full
#   Decrease Java heap size (-Xmx/-Xms)
#   Decrease number of Java threads
#   Decrease Java thread stack sizes (-Xss)
#   Set larger code cache with -XX:ReservedCodeCacheSize=
#   JVM is running with Unscaled Compressed Oops mode in which the Java heap is
#     placed in the first 4GB address space. The Java Heap base address is the
#     maximum limit for the native heap growth. Please use -XX:HeapBaseMinAddress
#     to set the Java Heap base and to place the Java Heap above 4GB virtual address.
# This output file may be truncated or incomplete.
#
#  Out of Memory Error (arena.cpp:168), pid=21264, tid=20652
#
# JRE version: OpenJDK Runtime Environment Temurin-21.0.10+7 (21.0.10+7) (build 21.0.10+7-LTS)
# Java VM: OpenJDK 64-Bit Server VM Temurin-21.0.10+7 (21.0.10+7-LTS, mixed mode, sharing, tiered, compressed oops, compressed class ptrs, parallel gc, windows-amd64)
# No core dump will be written. Minidumps are not enabled by default on client versions of Windows
#

---------------  S U M M A R Y ------------

Command Line: --add-modules=ALL-SYSTEM --add-opens=java.base/java.util=ALL-UNNAMED --add-opens=java.base/java.lang=ALL-UNNAMED --add-opens=java.base/sun.nio.fs=ALL-UNNAMED -Declipse.application=org.eclipse.jdt.ls.core.id1 -Dosgi.bundles.defaultStartLevel=4 -Declipse.product=org.eclipse.jdt.ls.core.product -Djava.import.generatesMetadataFilesAtProjectRoot=false -DDetectVMInstallationsJob.disabled=true -Dfile.encoding=utf8 -XX:+UseParallelGC -XX:GCTimeRatio=4 -XX:AdaptiveSizePolicyWeight=90 -Dsun.zip.disableMemoryMapping=true -Xmx2G -Xms100m -Xlog:disable -javaagent:c:\Users\sendy\.vscode\extensions\redhat.java-1.54.0-win32-x64\lombok\lombok-1.18.39-4050.jar -XX:+HeapDumpOnOutOfMemoryError -XX:HeapDumpPath=c:\Users\sendy\AppData\Roaming\Code\User\workspaceStorage\3515da352bb3322cfc7f98cf190b8c9f\redhat.java -Daether.dependencyCollector.impl=bf c:\Users\sendy\.vscode\extensions\redhat.java-1.54.0-win32-x64\server\plugins\org.eclipse.equinox.launcher_1.7.100.v20251111-0406.jar -configuration c:\Users\sendy\AppData\Roaming\Code\User\globalStorage\redhat.java\1.54.0\config_win -data c:\Users\sendy\AppData\Roaming\Code\User\workspaceStorage\3515da352bb3322cfc7f98cf190b8c9f\redhat.java\jdt_ws --pipe=\\.\pipe\lsp-789f381fd54abcb8c00cb04b39cbf285-sock

Host: AMD Ryzen 7 5700U with Radeon Graphics         , 16 cores, 7G,  Windows 11 , 64 bit Build 26100 (10.0.26100.8328)
Time: Tue May 26 09:42:33 2026 SE Asia Standard Time elapsed time: 22.762105 seconds (0d 0h 0m 22s)

---------------  T H R E A D  ---------------

Current thread (0x000001ad3cb0a840):  JavaThread "C2 CompilerThread0" daemon [_thread_in_native, id=20652, stack(0x0000003275600000,0x0000003275700000) (1024K)]


Current CompileTask:
C2:22762 15374   !   4       lombok.core.FieldAugment$ReflectionFieldAugment::getAndSet (80 bytes)

Stack: [0x0000003275600000,0x0000003275700000]
Native frames: (J=compiled Java code, j=interpreted, Vv=VM code, C=native code)
V  [jvm.dll+0x6d7a39]
V  [jvm.dll+0x8b4b26]
V  [jvm.dll+0x8b70de]
V  [jvm.dll+0x8b77c3]
V  [jvm.dll+0x284346]
V  [jvm.dll+0xc66ed]
V  [jvm.dll+0xc6c31]
V  [jvm.dll+0x5df041]
V  [jvm.dll+0x1e3a73]
V  [jvm.dll+0x24c6b3]
V  [jvm.dll+0x24bb40]
V  [jvm.dll+0x1cb34e]
V  [jvm.dll+0x25b85d]
V  [jvm.dll+0x259dea]
V  [jvm.dll+0x3f857e]
V  [jvm.dll+0x85f59d]
V  [jvm.dll+0x6d626d]
C  [ucrtbase.dll+0x37b0]
C  [KERNEL32.DLL+0x2e957]
C  [ntdll.dll+0x427c]


---------------  P R O C E S S  ---------------

Threads class SMR info:
_java_thread_list=0x000001ad9d4c5480, length=113, elements={
0x000001ad3ca5db10, 0x000001ad3ca0daa0, 0x000001ad3ca0e8c0, 0x000001ad3cb049c0,
0x000001ad3cb07660, 0x000001ad3cb0b8f0, 0x000001ad3cb11480, 0x000001ad3cb0a840,
0x000001ad9580fef0, 0x000001ad95a22a90, 0x000001ad95ac18d0, 0x000001ad9c435ed0,
0x000001ad9c442c50, 0x000001ad9c3e9810, 0x000001ad9c3ed510, 0x000001ad9c6b7e00,
0x000001ad9c90ba20, 0x000001ad9c8b3020, 0x000001ad9ca50f40, 0x000001ad9ca515d0,
0x000001ad9ca51c60, 0x000001ad9ca4fb90, 0x000001ad9ca50220, 0x000001ad9ca508b0,
0x000001ad9ca52980, 0x000001ad9ca53010, 0x000001ad9e5e3ea0, 0x000001ad9e5e3810,
0x000001ad9e5e4530, 0x000001ad9e5e3180, 0x000001ad9e5e6600, 0x000001ad9e5e6c90,
0x000001ad9e5e4bc0, 0x000001ad9e5e7320, 0x000001ad9e5e86d0, 0x000001ad9e5e5250,
0x000001ad9e5e79b0, 0x000001ad9e5e8040, 0x000001ad9e5e8d60, 0x000001ad9e5e58e0,
0x000001ad9e5e93f0, 0x000001ad9e5e9a80, 0x000001ad9e5ea110, 0x000001ad9e5ea7a0,
0x000001ada0cd6530, 0x000001ada0cd30b0, 0x000001ada0cd6bc0, 0x000001ada0cd4460,
0x000001ada0cd5810, 0x000001ada0cd5ea0, 0x000001ada0cd4af0, 0x000001ada0cd5180,
0x000001ada0cd3740, 0x000001ada0cd7250, 0x000001ada0cd3dd0, 0x000001ada0cd9320,
0x000001ada0cd8c90, 0x000001ada0cd78e0, 0x000001ada0cd7f70, 0x000001ad9de00200,
0x000001ad9de01670, 0x000001ad9ddfe6c0, 0x000001ad9de02410, 0x000001ad9ddfed90,
0x000001ada0cda6d0, 0x000001ada0cd99b0, 0x000001ada0cda040, 0x000001ad9ff9c110,
0x000001ad9ff9ad60, 0x000001ad9ff999b0, 0x000001ad9ff9ba80, 0x000001ad9ff9ce30,
0x000001ad9ff9a6d0, 0x000001ad9ffa02b0, 0x000001ad9ff9fc20, 0x000001ad9ff9d4c0,
0x000001ad9ff9ef00, 0x000001ad9ff9db50, 0x000001ad9ff9e1e0, 0x000001ad9ff9f590,
0x000001ad9ff9e870, 0x000001ad9e4c9220, 0x000001ad9e4c9f40, 0x000001ad9e4c7150,
0x000001ad9e4ca5d0, 0x000001ad9e4c77e0, 0x000001ad9d4aefc0, 0x000001ad9d4b0370,
0x000001ad9d4b1090, 0x000001ad9d4b1db0, 0x000001ad9d4b1720, 0x000001ad9d4b2440,
0x000001ad9d4b0a00, 0x000001ad9d4afce0, 0x000001ad9d4b2ad0, 0x000001ad9d4af650,
0x000001ad9d4b5230, 0x000001ad9d4b4510, 0x000001ad9d4b37f0, 0x000001ad9d4b65e0,
0x000001ad9d4b3e80, 0x000001ad9d4b58c0, 0x000001ad9d4b3160, 0x000001ad9d4b5f50,
0x000001ad9d4b4ba0, 0x000001ad9e922dd0, 0x000001ad9e9220b0, 0x000001ad9e922740,
0x000001ad9e920d00, 0x000001ad9e91ffe0, 0x000001ad9e920670, 0x000001ad9e923af0,
0x000001ad9e924180
}

Java Threads: ( => current thread )
  0x000001ad3ca5db10 JavaThread "main"                              [_thread_blocked, id=17308, stack(0x0000003274c00000,0x0000003274d00000) (1024K)]
  0x000001ad3ca0daa0 JavaThread "Reference Handler"          daemon [_thread_blocked, id=1036, stack(0x0000003275000000,0x0000003275100000) (1024K)]
  0x000001ad3ca0e8c0 JavaThread "Finalizer"                  daemon [_thread_blocked, id=6168, stack(0x0000003275100000,0x0000003275200000) (1024K)]
  0x000001ad3cb049c0 JavaThread "Signal Dispatcher"          daemon [_thread_blocked, id=19244, stack(0x0000003275200000,0x0000003275300000) (1024K)]
  0x000001ad3cb07660 JavaThread "Attach Listener"            daemon [_thread_blocked, id=7056, stack(0x0000003275300000,0x0000003275400000) (1024K)]
  0x000001ad3cb0b8f0 JavaThread "Service Thread"             daemon [_thread_blocked, id=20336, stack(0x0000003275400000,0x0000003275500000) (1024K)]
  0x000001ad3cb11480 JavaThread "Monitor Deflation Thread"   daemon [_thread_blocked, id=24160, stack(0x0000003275500000,0x0000003275600000) (1024K)]
=>0x000001ad3cb0a840 JavaThread "C2 CompilerThread0"         daemon [_thread_in_native, id=20652, stack(0x0000003275600000,0x0000003275700000) (1024K)]
  0x000001ad9580fef0 JavaThread "C1 CompilerThread0"         daemon [_thread_blocked, id=13828, stack(0x0000003275700000,0x0000003275800000) (1024K)]
  0x000001ad95a22a90 JavaThread "Common-Cleaner"             daemon [_thread_blocked, id=8308, stack(0x0000003275a00000,0x0000003275b00000) (1024K)]
  0x000001ad95ac18d0 JavaThread "Notification Thread"        daemon [_thread_blocked, id=22844, stack(0x0000003275d00000,0x0000003275e00000) (1024K)]
  0x000001ad9c435ed0 JavaThread "Active Thread: Equinox Container: 0a55b9bb-967f-444d-882a-aa66fa9fd8fe"        [_thread_blocked, id=17604, stack(0x0000003276600000,0x0000003276700000) (1024K)]
  0x000001ad9c442c50 JavaThread "Refresh Thread: Equinox Container: 0a55b9bb-967f-444d-882a-aa66fa9fd8fe" daemon [_thread_blocked, id=12752, stack(0x0000003276800000,0x0000003276900000) (1024K)]
  0x000001ad9c3e9810 JavaThread "Framework Event Dispatcher: Equinox Container: 0a55b9bb-967f-444d-882a-aa66fa9fd8fe" daemon [_thread_blocked, id=14340, stack(0x0000003276900000,0x0000003276a00000) (1024K)]
  0x000001ad9c3ed510 JavaThread "Start Level: Equinox Container: 0a55b9bb-967f-444d-882a-aa66fa9fd8fe" daemon [_thread_blocked, id=15076, stack(0x0000003276a00000,0x0000003276b00000) (1024K)]
  0x000001ad9c6b7e00 JavaThread "Bundle File Closer"         daemon [_thread_blocked, id=10404, stack(0x0000003276e00000,0x0000003276f00000) (1024K)]
  0x000001ad9c90ba20 JavaThread "SCR Component Actor"        daemon [_thread_blocked, id=18316, stack(0x0000003275900000,0x0000003275a00000) (1024K)]
  0x000001ad9c8b3020 JavaThread "Worker-JM"                         [_thread_blocked, id=12784, stack(0x0000003276f00000,0x0000003277000000) (1024K)]
  0x000001ad9ca50f40 JavaThread "JNA Cleaner"                daemon [_thread_blocked, id=3440, stack(0x0000003277100000,0x0000003277200000) (1024K)]
  0x000001ad9ca515d0 JavaThread "Worker-0: Initialize Workspace"        [_thread_blocked, id=26472, stack(0x0000003277200000,0x0000003277300000) (1024K)]
  0x000001ad9ca51c60 JavaThread "Worker-1: Initialize workspace"        [_thread_blocked, id=6112, stack(0x0000003277300000,0x0000003277400000) (1024K)]
  0x000001ad9ca4fb90 JavaThread "Java indexing"              daemon [_thread_blocked, id=19836, stack(0x0000003277500000,0x0000003277600000) (1024K)]
  0x000001ad9ca50220 JavaThread "Worker-2"                          [_thread_blocked, id=25368, stack(0x0000003277800000,0x0000003277900000) (1024K)]
  0x000001ad9ca508b0 JavaThread "Worker-3: Building"                [_thread_blocked, id=11564, stack(0x0000003277900000,0x0000003277a00000) (1024K)]
  0x000001ad9ca52980 JavaThread "Thread-1"                   daemon [_thread_in_native, id=22492, stack(0x0000003277b00000,0x0000003277c00000) (1024K)]
  0x000001ad9ca53010 JavaThread "Thread-2"                   daemon [_thread_in_native, id=8104, stack(0x0000003277c00000,0x0000003277d00000) (1024K)]
  0x000001ad9e5e3ea0 JavaThread "Thread-3"                   daemon [_thread_in_native, id=24456, stack(0x0000003277d00000,0x0000003277e00000) (1024K)]
  0x000001ad9e5e3810 JavaThread "Thread-4"                   daemon [_thread_in_native, id=30212, stack(0x0000003277e00000,0x0000003277f00000) (1024K)]
  0x000001ad9e5e4530 JavaThread "Thread-5"                   daemon [_thread_in_native, id=16524, stack(0x0000003277f00000,0x0000003278000000) (1024K)]
  0x000001ad9e5e3180 JavaThread "Thread-6"                   daemon [_thread_in_native, id=23472, stack(0x0000003278000000,0x0000003278100000) (1024K)]
  0x000001ad9e5e6600 JavaThread "Thread-7"                   daemon [_thread_in_native, id=19476, stack(0x0000003278100000,0x0000003278200000) (1024K)]
  0x000001ad9e5e6c90 JavaThread "Thread-8"                   daemon [_thread_in_native, id=1976, stack(0x0000003278200000,0x0000003278300000) (1024K)]
  0x000001ad9e5e4bc0 JavaThread "Thread-9"                   daemon [_thread_in_native, id=15972, stack(0x0000003278300000,0x0000003278400000) (1024K)]
  0x000001ad9e5e7320 JavaThread "Thread-10"                  daemon [_thread_in_native, id=1804, stack(0x0000003278400000,0x0000003278500000) (1024K)]
  0x000001ad9e5e86d0 JavaThread "Thread-11"                  daemon [_thread_in_native, id=18812, stack(0x0000003278500000,0x0000003278600000) (1024K)]
  0x000001ad9e5e5250 JavaThread "Thread-12"                  daemon [_thread_in_native, id=7900, stack(0x0000003278600000,0x0000003278700000) (1024K)]
  0x000001ad9e5e79b0 JavaThread "Thread-13"                  daemon [_thread_in_native, id=20112, stack(0x0000003278700000,0x0000003278800000) (1024K)]
  0x000001ad9e5e8040 JavaThread "Thread-14"                  daemon [_thread_in_native, id=21488, stack(0x0000003278800000,0x0000003278900000) (1024K)]
  0x000001ad9e5e8d60 JavaThread "Thread-15"                  daemon [_thread_in_native, id=13136, stack(0x0000003278900000,0x0000003278a00000) (1024K)]
  0x000001ad9e5e58e0 JavaThread "Thread-16"                  daemon [_thread_in_native, id=7640, stack(0x0000003278a00000,0x0000003278b00000) (1024K)]
  0x000001ad9e5e93f0 JavaThread "Thread-17"                  daemon [_thread_in_native, id=7712, stack(0x0000003278b00000,0x0000003278c00000) (1024K)]
  0x000001ad9e5e9a80 JavaThread "pool-2-thread-1"                   [_thread_blocked, id=6616, stack(0x0000003278c00000,0x0000003278d00000) (1024K)]
  0x000001ad9e5ea110 JavaThread "WorkspaceEventsHandler"            [_thread_blocked, id=15512, stack(0x0000003278e00000,0x0000003278f00000) (1024K)]
  0x000001ad9e5ea7a0 JavaThread "pool-1-thread-1"                   [_thread_blocked, id=1372, stack(0x0000003278f00000,0x0000003279000000) (1024K)]
  0x000001ada0cd6530 JavaThread "ForkJoinPool.commonPool-worker-1" daemon [_thread_blocked, id=9928, stack(0x0000003279000000,0x0000003279100000) (1024K)]
  0x000001ada0cd30b0 JavaThread "ForkJoinPool.commonPool-worker-2" daemon [_thread_blocked, id=27776, stack(0x0000003279100000,0x0000003279200000) (1024K)]
  0x000001ada0cd6bc0 JavaThread "ForkJoinPool.commonPool-worker-3" daemon [_thread_blocked, id=14916, stack(0x0000003279200000,0x0000003279300000) (1024K)]
  0x000001ada0cd4460 JavaThread "ForkJoinPool.commonPool-worker-5" daemon [_thread_blocked, id=27840, stack(0x0000003279300000,0x0000003279400000) (1024K)]
  0x000001ada0cd5810 JavaThread "ForkJoinPool.commonPool-worker-4" daemon [_thread_blocked, id=8396, stack(0x0000003279400000,0x0000003279500000) (1024K)]
  0x000001ada0cd5ea0 JavaThread "ForkJoinPool.commonPool-worker-6" daemon [_thread_blocked, id=18500, stack(0x0000003279500000,0x0000003279600000) (1024K)]
  0x000001ada0cd4af0 JavaThread "ForkJoinPool.commonPool-worker-7" daemon [_thread_blocked, id=2928, stack(0x0000003279600000,0x0000003279700000) (1024K)]
  0x000001ada0cd5180 JavaThread "ForkJoinPool.commonPool-worker-8" daemon [_thread_blocked, id=12100, stack(0x0000003279700000,0x0000003279800000) (1024K)]
  0x000001ada0cd3740 JavaThread "ForkJoinPool.commonPool-worker-9" daemon [_thread_blocked, id=23476, stack(0x0000003279800000,0x0000003279900000) (1024K)]
  0x000001ada0cd7250 JavaThread "ForkJoinPool.commonPool-worker-10" daemon [_thread_blocked, id=25388, stack(0x0000003279900000,0x0000003279a00000) (1024K)]
  0x000001ada0cd3dd0 JavaThread "ForkJoinPool.commonPool-worker-11" daemon [_thread_blocked, id=14192, stack(0x0000003279a00000,0x0000003279b00000) (1024K)]
  0x000001ada0cd9320 JavaThread "ForkJoinPool.commonPool-worker-12" daemon [_thread_blocked, id=3128, stack(0x0000003279b00000,0x0000003279c00000) (1024K)]
  0x000001ada0cd8c90 JavaThread "ForkJoinPool.commonPool-worker-13" daemon [_thread_blocked, id=8540, stack(0x0000003279c00000,0x0000003279d00000) (1024K)]
  0x000001ada0cd78e0 JavaThread "ForkJoinPool.commonPool-worker-15" daemon [_thread_blocked, id=22968, stack(0x0000003279d00000,0x0000003279e00000) (1024K)]
  0x000001ada0cd7f70 JavaThread "ForkJoinPool.commonPool-worker-14" daemon [_thread_blocked, id=9968, stack(0x0000003279e00000,0x0000003279f00000) (1024K)]
  0x000001ad9de00200 JavaThread "C2 CompilerThread1"         daemon [_thread_in_native, id=7788, stack(0x0000003275800000,0x0000003275900000) (1024K)]
  0x000001ad9de01670 JavaThread "C2 CompilerThread2"         daemon [_thread_blocked, id=29404, stack(0x0000003275b00000,0x0000003275c00000) (1024K)]
  0x000001ad9ddfe6c0 JavaThread "C1 CompilerThread1"         daemon [_thread_blocked, id=22348, stack(0x0000003275c00000,0x0000003275d00000) (1024K)]
  0x000001ad9de02410 JavaThread "C1 CompilerThread2"         daemon [_thread_blocked, id=2684, stack(0x0000003275e00000,0x0000003275f00000) (1024K)]
  0x000001ad9ddfed90 JavaThread "C1 CompilerThread3"         daemon [_thread_blocked, id=11208, stack(0x0000003277400000,0x0000003277500000) (1024K)]
  0x000001ada0cda6d0 JavaThread "Worker-4"                          [_thread_blocked, id=28636, stack(0x0000003277a00000,0x0000003277b00000) (1024K)]
  0x000001ada0cd99b0 JavaThread "Worker-5"                          [_thread_blocked, id=17736, stack(0x0000003278d00000,0x0000003278e00000) (1024K)]
  0x000001ada0cda040 JavaThread "Worker-6"                          [_thread_blocked, id=10700, stack(0x0000003279f00000,0x000000327a000000) (1024K)]
  0x000001ad9ff9c110 JavaThread "LocalFile Deleter"          daemon [_thread_blocked, id=26116, stack(0x000000327a000000,0x000000327a100000) (1024K)]
  0x000001ad9ff9ad60 JavaThread "LocalFile Deleter"          daemon [_thread_blocked, id=6524, stack(0x000000327a100000,0x000000327a200000) (1024K)]
  0x000001ad9ff999b0 JavaThread "LocalFile Deleter"          daemon [_thread_blocked, id=26288, stack(0x000000327a200000,0x000000327a300000) (1024K)]
  0x000001ad9ff9ba80 JavaThread "LocalFile Deleter"          daemon [_thread_blocked, id=13232, stack(0x000000327a300000,0x000000327a400000) (1024K)]
  0x000001ad9ff9ce30 JavaThread "LocalFile Deleter"          daemon [_thread_blocked, id=17180, stack(0x000000327a400000,0x000000327a500000) (1024K)]
  0x000001ad9ff9a6d0 JavaThread "LocalFile Deleter"          daemon [_thread_blocked, id=24548, stack(0x000000327a500000,0x000000327a600000) (1024K)]
  0x000001ad9ffa02b0 JavaThread "LocalFile Deleter"          daemon [_thread_blocked, id=10260, stack(0x000000327a600000,0x000000327a700000) (1024K)]
  0x000001ad9ff9fc20 JavaThread "LocalFile Deleter"          daemon [_thread_blocked, id=24212, stack(0x000000327a700000,0x000000327a800000) (1024K)]
  0x000001ad9ff9d4c0 JavaThread "LocalFile Deleter"          daemon [_thread_blocked, id=27008, stack(0x000000327a800000,0x000000327a900000) (1024K)]
  0x000001ad9ff9ef00 JavaThread "LocalFile Deleter"          daemon [_thread_blocked, id=27184, stack(0x000000327a900000,0x000000327aa00000) (1024K)]
  0x000001ad9ff9db50 JavaThread "LocalFile Deleter"          daemon [_thread_blocked, id=25980, stack(0x000000327aa00000,0x000000327ab00000) (1024K)]
  0x000001ad9ff9e1e0 JavaThread "LocalFile Deleter"          daemon [_thread_blocked, id=26720, stack(0x000000327ab00000,0x000000327ac00000) (1024K)]
  0x000001ad9ff9f590 JavaThread "LocalFile Deleter"          daemon [_thread_blocked, id=10940, stack(0x000000327ac00000,0x000000327ad00000) (1024K)]
  0x000001ad9ff9e870 JavaThread "LocalFile Deleter"          daemon [_thread_blocked, id=8964, stack(0x000000327ad00000,0x000000327ae00000) (1024K)]
  0x000001ad9e4c9220 JavaThread "LocalFile Deleter"          daemon [_thread_blocked, id=824, stack(0x000000327ae00000,0x000000327af00000) (1024K)]
  0x000001ad9e4c9f40 JavaThread "LocalFile Deleter"          daemon [_thread_blocked, id=22372, stack(0x000000327af00000,0x000000327b000000) (1024K)]
  0x000001ad9e4c7150 JavaThread "Compiler Source File Reader" daemon [_thread_blocked, id=5612, stack(0x000000327b000000,0x000000327b100000) (1024K)]
  0x000001ad9e4ca5d0 JavaThread "Compiler Source File Reader" daemon [_thread_blocked, id=8536, stack(0x000000327b100000,0x000000327b200000) (1024K)]
  0x000001ad9e4c77e0 JavaThread "Compiler Source File Reader" daemon [_thread_blocked, id=8544, stack(0x000000327b200000,0x000000327b300000) (1024K)]
  0x000001ad9d4aefc0 JavaThread "Compiler Source File Reader" daemon [_thread_blocked, id=2884, stack(0x000000327b300000,0x000000327b400000) (1024K)]
  0x000001ad9d4b0370 JavaThread "Compiler Source File Reader" daemon [_thread_blocked, id=15064, stack(0x000000327b400000,0x000000327b500000) (1024K)]
  0x000001ad9d4b1090 JavaThread "Compiler Source File Reader" daemon [_thread_blocked, id=22840, stack(0x000000327b500000,0x000000327b600000) (1024K)]
  0x000001ad9d4b1db0 JavaThread "Compiler Source File Reader" daemon [_thread_blocked, id=11908, stack(0x000000327b600000,0x000000327b700000) (1024K)]
  0x000001ad9d4b1720 JavaThread "Compiler Source File Reader" daemon [_thread_blocked, id=17852, stack(0x000000327b700000,0x000000327b800000) (1024K)]
  0x000001ad9d4b2440 JavaThread "Compiler Source File Reader" daemon [_thread_blocked, id=21492, stack(0x000000327b800000,0x000000327b900000) (1024K)]
  0x000001ad9d4b0a00 JavaThread "Compiler Source File Reader" daemon [_thread_blocked, id=6684, stack(0x000000327b900000,0x000000327ba00000) (1024K)]
  0x000001ad9d4afce0 JavaThread "Compiler Source File Reader" daemon [_thread_blocked, id=11416, stack(0x000000327ba00000,0x000000327bb00000) (1024K)]
  0x000001ad9d4b2ad0 JavaThread "Compiler Source File Reader" daemon [_thread_blocked, id=25664, stack(0x000000327bb00000,0x000000327bc00000) (1024K)]
  0x000001ad9d4af650 JavaThread "Compiler Source File Reader" daemon [_thread_blocked, id=7392, stack(0x000000327bc00000,0x000000327bd00000) (1024K)]
  0x000001ad9d4b5230 JavaThread "Compiler Source File Reader" daemon [_thread_blocked, id=21496, stack(0x000000327bd00000,0x000000327be00000) (1024K)]
  0x000001ad9d4b4510 JavaThread "Cleaner-0"                  daemon [_thread_blocked, id=9344, stack(0x000000327be00000,0x000000327bf00000) (1024K)]
  0x000001ad9d4b37f0 JavaThread "Compiler Processing Task"   daemon [_thread_blocked, id=17888, stack(0x000000327bf00000,0x000000327c000000) (1024K)]
  0x000001ad9d4b65e0 JavaThread "Compiler Class File Writer" daemon [_thread_blocked, id=11360, stack(0x000000327c000000,0x000000327c100000) (1024K)]
  0x000001ad9d4b3e80 JavaThread "Compiler Class File Writer" daemon [_thread_blocked, id=27176, stack(0x000000327c100000,0x000000327c200000) (1024K)]
  0x000001ad9d4b58c0 JavaThread "Compiler Class File Writer" daemon [_thread_blocked, id=21160, stack(0x000000327c200000,0x000000327c300000) (1024K)]
  0x000001ad9d4b3160 JavaThread "Compiler Class File Writer" daemon [_thread_blocked, id=29940, stack(0x000000327c300000,0x000000327c400000) (1024K)]
  0x000001ad9d4b5f50 JavaThread "Compiler Class File Writer" daemon [_thread_blocked, id=28008, stack(0x000000327c400000,0x000000327c500000) (1024K)]
  0x000001ad9d4b4ba0 JavaThread "Compiler Class File Writer" daemon [_thread_blocked, id=9140, stack(0x000000327c500000,0x000000327c600000) (1024K)]
  0x000001ad9e922dd0 JavaThread "Compiler Class File Writer" daemon [_thread_blocked, id=3760, stack(0x000000327c600000,0x000000327c700000) (1024K)]
  0x000001ad9e9220b0 JavaThread "Compiler Class File Writer" daemon [_thread_blocked, id=19360, stack(0x000000327c700000,0x000000327c800000) (1024K)]
  0x000001ad9e922740 JavaThread "Compiler Class File Writer" daemon [_thread_blocked, id=5468, stack(0x000000327c800000,0x000000327c900000) (1024K)]
  0x000001ad9e920d00 JavaThread "Compiler Class File Writer" daemon [_thread_blocked, id=8904, stack(0x000000327c900000,0x000000327ca00000) (1024K)]
  0x000001ad9e91ffe0 JavaThread "Compiler Class File Writer" daemon [_thread_blocked, id=28124, stack(0x000000327ca00000,0x000000327cb00000) (1024K)]
  0x000001ad9e920670 JavaThread "Compiler Class File Writer" daemon [_thread_blocked, id=30252, stack(0x000000327cb00000,0x000000327cc00000) (1024K)]
  0x000001ad9e923af0 JavaThread "Compiler Class File Writer" daemon [_thread_blocked, id=26564, stack(0x000000327cc00000,0x000000327cd00000) (1024K)]
  0x000001ad9e924180 JavaThread "Compiler Class File Writer" daemon [_thread_blocked, id=164, stack(0x000000327cd00000,0x000000327ce00000) (1024K)]
Total: 113

Other Threads:
  0x000001ad3caff9d0 VMThread "VM Thread"                           [id=11080, stack(0x0000003274f00000,0x0000003275000000) (1024K)]
  0x000001ad3c8eba00 WatcherThread "VM Periodic Task Thread"        [id=12480, stack(0x0000003274e00000,0x0000003274f00000) (1024K)]
  0x000001ad3ca7c770 WorkerThread "GC Thread#0"                     [id=21620, stack(0x0000003274d00000,0x0000003274e00000) (1024K)]
  0x000001ad973ab930 WorkerThread "GC Thread#1"                     [id=12904, stack(0x0000003275f00000,0x0000003276000000) (1024K)]
  0x000001ad9c02dec0 WorkerThread "GC Thread#2"                     [id=20216, stack(0x0000003276000000,0x0000003276100000) (1024K)]
  0x000001ad9c02cc50 WorkerThread "GC Thread#3"                     [id=6332, stack(0x0000003276100000,0x0000003276200000) (1024K)]
  0x000001ad9c02e270 WorkerThread "GC Thread#4"                     [id=10060, stack(0x0000003276200000,0x0000003276300000) (1024K)]
  0x000001ad9c02d000 WorkerThread "GC Thread#5"                     [id=3112, stack(0x0000003276300000,0x0000003276400000) (1024K)]
  0x000001ad9c02e620 WorkerThread "GC Thread#6"                     [id=6324, stack(0x0000003276400000,0x0000003276500000) (1024K)]
  0x000001ad9c264500 WorkerThread "GC Thread#7"                     [id=10764, stack(0x0000003276700000,0x0000003276800000) (1024K)]
  0x000001ad9c265010 WorkerThread "GC Thread#8"                     [id=11324, stack(0x0000003276b00000,0x0000003276c00000) (1024K)]
  0x000001ad9c267c50 WorkerThread "GC Thread#9"                     [id=19236, stack(0x0000003276c00000,0x0000003276d00000) (1024K)]
  0x000001ad9c266280 WorkerThread "GC Thread#10"                    [id=26876, stack(0x0000003276d00000,0x0000003276e00000) (1024K)]
  0x000001ad9c2653c0 WorkerThread "GC Thread#11"                    [id=20748, stack(0x0000003276500000,0x0000003276600000) (1024K)]
  0x000001ad9c2648b0 WorkerThread "GC Thread#12"                    [id=6356, stack(0x0000003277000000,0x0000003277100000) (1024K)]
Total: 15

Threads with active compile tasks:
C2 CompilerThread0  22803 15374   !   4       lombok.core.FieldAugment$ReflectionFieldAugment::getAndSet (80 bytes)
C2 CompilerThread1  22803 15643       4       java.util.Properties::load0 (249 bytes)
C2 CompilerThread2  22803 16149 %     4       org.eclipse.jdt.internal.compiler.lookup.BinaryTypeBinding::createMethod @ 331 (1666 bytes)
Total: 3

VM state: at safepoint (normal execution)

VM Mutex/Monitor currently owned by a thread:  ([mutex/lock_event])
[0x00007ffe8a03e560] Threads_lock - owner thread: 0x000001ad3caff9d0
[0x00007ffe8a03e660] Heap_lock - owner thread: 0x000001ad9d4b37f0

Heap address: 0x0000000080000000, size: 2048 MB, Compressed Oops mode: 32-bit

CDS archive(s) mapped at: [0x000001ad54000000-0x000001ad54ba0000-0x000001ad54ba0000), size 12189696, SharedBaseAddress: 0x000001ad54000000, ArchiveRelocationMode: 1.
Compressed class space mapped at: 0x000001ad55000000-0x000001ad95000000, reserved size: 1073741824
Narrow klass base: 0x000001ad54000000, Narrow klass shift: 0, Narrow klass range: 0x100000000

GC Precious Log:
 CardTable entry size: 512
 CPUs: 16 total, 16 available
 Memory: 7579M
 Large Page Support: Disabled
 NUMA Support: Disabled
 Compressed Oops: Enabled (32-bit)
 Alignments: Space 512K, Generation 512K, Heap 2M
 Heap Min Capacity: 100M
 Heap Initial Capacity: 100M
 Heap Max Capacity: 2G
 Pre-touch: Disabled
 Parallel Workers: 13

Heap:
 PSYoungGen      total 3584K, used 3568K [0x00000000d5580000, 0x00000000d5a00000, 0x0000000100000000)
  eden space 2560K, 100% used [0x00000000d5580000,0x00000000d5800000,0x00000000d5800000)
  from space 1024K, 98% used [0x00000000d5800000,0x00000000d58fc3a0,0x00000000d5900000)
  to   space 1024K, 34% used [0x00000000d5900000,0x00000000d5958000,0x00000000d5a00000)
 ParOldGen       total 221696K, used 221525K [0x0000000080000000, 0x000000008d880000, 0x00000000d5580000)
  object space 221696K, 99% used [0x0000000080000000,0x000000008d8555b8,0x000000008d880000)
 Metaspace       used 74454K, committed 76096K, reserved 1179648K
  class space    used 7730K, committed 8448K, reserved 1048576K

Card table byte_map: [0x000001ad3c400000,0x000001ad3c810000] _byte_map_base: 0x000001ad3c000000

Marking Bits: (ParMarkBitMap*) 0x00007ffe8a043450
 Begin Bits: [0x000001ad4ef10000, 0x000001ad50f10000)
 End Bits:   [0x000001ad50f10000, 0x000001ad52f10000)

Polling page: 0x000001ad3a860000

Metaspace:

Usage:
  Non-class:     65.16 MB used.
      Class:      7.55 MB used.
       Both:     72.71 MB used.

Virtual space:
  Non-class space:      128.00 MB reserved,      66.06 MB ( 52%) committed,  2 nodes.
      Class space:        1.00 GB reserved,       8.25 MB ( <1%) committed,  1 nodes.
             Both:        1.12 GB reserved,      74.31 MB (  6%) committed. 

Chunk freelists:
   Non-Class:  13.75 MB
       Class:  7.60 MB
        Both:  21.36 MB

MaxMetaspaceSize: unlimited
CompressedClassSpaceSize: 1.00 GB
Initial GC threshold: 21.00 MB
Current GC threshold: 97.31 MB
CDS: on
 - commit_granule_bytes: 65536.
 - commit_granule_words: 8192.
 - virtual_space_node_default_size: 8388608.
 - enlarge_chunks_in_place: 1.
 - use_allocation_guard: 0.


Internal statistics:

num_allocs_failed_limit: 9.
num_arena_births: 1604.
num_arena_deaths: 230.
num_vsnodes_births: 3.
num_vsnodes_deaths: 0.
num_space_committed: 1189.
num_space_uncommitted: 0.
num_chunks_returned_to_freelist: 347.
num_chunks_taken_from_freelist: 5513.
num_chunk_merges: 161.
num_chunk_splits: 3214.
num_chunks_enlarged: 1604.
num_inconsistent_stats: 0.

CodeHeap 'non-profiled nmethods': size=119168Kb used=8191Kb max_used=8191Kb free=110976Kb
 bounds [0x000001ad47800000, 0x000001ad48000000, 0x000001ad4ec60000]
CodeHeap 'profiled nmethods': size=119104Kb used=35822Kb max_used=35822Kb free=83281Kb
 bounds [0x000001ad3fc60000, 0x000001ad41f60000, 0x000001ad470b0000]
CodeHeap 'non-nmethods': size=7488Kb used=3159Kb max_used=3218Kb free=4328Kb
 bounds [0x000001ad470b0000, 0x000001ad473f0000, 0x000001ad47800000]
CodeCache: size=245760Kb, used=47172Kb, max_used=47231Kb, free=198585Kb
 total_blobs=16021, nmethods=15237, adapters=684, full_count=0
Compilation: enabled, stopped_count=0, restarted_count=0

Compilation events (20 events):
Event: 22.744 Thread 0x000001ad9580fef0 nmethod 16183 0x000001ad41f44290 code [0x000001ad41f44480, 0x000001ad41f44858]
Event: 22.748 Thread 0x000001ad9580fef0 16184       2       org.eclipse.jdt.internal.compiler.lookup.BlockScope::computeLocalVariablePositions (531 bytes)
Event: 22.749 Thread 0x000001ad9ddfed90 16185       1       org.eclipse.lsp4j.ClientCapabilities::getWindow (5 bytes)
Event: 22.750 Thread 0x000001ad9ddfed90 nmethod 16185 0x000001ad47ffc090 code [0x000001ad47ffc220, 0x000001ad47ffc2e8]
Event: 22.750 Thread 0x000001ad9ddfed90 16186       2       org.eclipse.jdt.internal.core.builder.SourceFile::hashCode (8 bytes)
Event: 22.750 Thread 0x000001ad9ddfed90 nmethod 16186 0x000001ad41f44b10 code [0x000001ad41f44cc0, 0x000001ad41f44de8]
Event: 22.751 Thread 0x000001ad9ddfe6c0 nmethod 16179 0x000001ad41f44e90 code [0x000001ad41f45340, 0x000001ad41f47118]
Event: 22.751 Thread 0x000001ad9ddfed90 16187       2       org.eclipse.core.internal.resources.Resource::isConflicting (155 bytes)
Event: 22.751 Thread 0x000001ad9580fef0 nmethod 16184 0x000001ad41f4a490 code [0x000001ad41f4a760, 0x000001ad41f4b280]
Event: 22.751 Thread 0x000001ad9ddfe6c0 16188       2       org.eclipse.core.internal.resources.Workspace::getWorkManager (30 bytes)
Event: 22.752 Thread 0x000001ad9ddfe6c0 nmethod 16188 0x000001ad41f4b990 code [0x000001ad41f4bb40, 0x000001ad41f4bd48]
Event: 22.752 Thread 0x000001ad9ddfed90 nmethod 16187 0x000001ad41f4be90 code [0x000001ad41f4c0e0, 0x000001ad41f4c7c0]
Event: 22.753 Thread 0x000001ad9ddfed90 16189       3       org.eclipse.jdt.internal.compiler.lookup.ReferenceBinding::isPublic (13 bytes)
Event: 22.754 Thread 0x000001ad9ddfed90 nmethod 16189 0x000001ad41f4cb90 code [0x000001ad41f4cd40, 0x000001ad41f4ceb8]
Event: 22.754 Thread 0x000001ad9ddfed90 16190   !   3       org.eclipse.jdt.internal.compiler.lookup.Scope::getBinding (1577 bytes)
Event: 22.755 Thread 0x000001ad9580fef0 16191       2       org.eclipse.jdt.internal.compiler.lookup.MethodBinding::canBeSeenBy (534 bytes)
Event: 22.755 Thread 0x000001ad9ddfe6c0 16192       2       org.eclipse.jdt.internal.compiler.lookup.InferenceVariable$InferenceVarKey::<init> (37 bytes)
Event: 22.756 Thread 0x000001ad9ddfe6c0 nmethod 16192 0x000001ad41f4cf90 code [0x000001ad41f4d140, 0x000001ad41f4d2f8]
Event: 22.757 Thread 0x000001ad9580fef0 nmethod 16191 0x000001ad41f4d410 code [0x000001ad41f4d860, 0x000001ad41f4ea68]
Event: 22.758 Thread 0x000001ad9ddfe6c0 16193   !   2       org.eclipse.jdt.internal.compiler.ast.LambdaExpression::isPertinentToApplicability (153 bytes)

GC Heap History (20 events):
Event: 22.652 GC heap before
{Heap before GC invocations=324 (full 3):
 PSYoungGen      total 2560K, used 2432K [0x00000000d5580000, 0x00000000d5900000, 0x0000000100000000)
  eden space 2048K, 100% used [0x00000000d5580000,0x00000000d5780000,0x00000000d5780000)
  from space 512K, 75% used [0x00000000d5880000,0x00000000d58e0000,0x00000000d5900000)
  to   space 512K, 0% used [0x00000000d5800000,0x00000000d5800000,0x00000000d5880000)
 ParOldGen       total 214016K, used 213880K [0x0000000080000000, 0x000000008d100000, 0x00000000d5580000)
  object space 214016K, 99% used [0x0000000080000000,0x000000008d0de2e8,0x000000008d100000)
 Metaspace       used 74374K, committed 76032K, reserved 1179648K
  class space    used 7727K, committed 8448K, reserved 1048576K
}
Event: 22.654 GC heap after
{Heap after GC invocations=324 (full 3):
 PSYoungGen      total 2560K, used 512K [0x00000000d5580000, 0x00000000d5980000, 0x0000000100000000)
  eden space 2048K, 0% used [0x00000000d5580000,0x00000000d5580000,0x00000000d5780000)
  from space 512K, 100% used [0x00000000d5800000,0x00000000d5880000,0x00000000d5880000)
  to   space 1024K, 0% used [0x00000000d5880000,0x00000000d5880000,0x00000000d5980000)
 ParOldGen       total 214528K, used 214096K [0x0000000080000000, 0x000000008d180000, 0x00000000d5580000)
  object space 214528K, 99% used [0x0000000080000000,0x000000008d1142e8,0x000000008d180000)
 Metaspace       used 74374K, committed 76032K, reserved 1179648K
  class space    used 7727K, committed 8448K, reserved 1048576K
}
Event: 22.681 GC heap before
{Heap before GC invocations=325 (full 3):
 PSYoungGen      total 2560K, used 2559K [0x00000000d5580000, 0x00000000d5980000, 0x0000000100000000)
  eden space 2048K, 99% used [0x00000000d5580000,0x00000000d577fff8,0x00000000d5780000)
  from space 512K, 100% used [0x00000000d5800000,0x00000000d5880000,0x00000000d5880000)
  to   space 1024K, 0% used [0x00000000d5880000,0x00000000d5880000,0x00000000d5980000)
 ParOldGen       total 214528K, used 214096K [0x0000000080000000, 0x000000008d180000, 0x00000000d5580000)
  object space 214528K, 99% used [0x0000000080000000,0x000000008d1142e8,0x000000008d180000)
 Metaspace       used 74409K, committed 76096K, reserved 1179648K
  class space    used 7729K, committed 8448K, reserved 1048576K
}
Event: 22.683 GC heap after
{Heap after GC invocations=325 (full 3):
 PSYoungGen      total 3072K, used 442K [0x00000000d5580000, 0x00000000d5980000, 0x0000000100000000)
  eden space 2048K, 0% used [0x00000000d5580000,0x00000000d5580000,0x00000000d5780000)
  from space 1024K, 43% used [0x00000000d5880000,0x00000000d58ee900,0x00000000d5980000)
  to   space 1024K, 0% used [0x00000000d5780000,0x00000000d5780000,0x00000000d5880000)
 ParOldGen       total 214528K, used 214408K [0x0000000080000000, 0x000000008d180000, 0x00000000d5580000)
  object space 214528K, 99% used [0x0000000080000000,0x000000008d162038,0x000000008d180000)
 Metaspace       used 74409K, committed 76096K, reserved 1179648K
  class space    used 7729K, committed 8448K, reserved 1048576K
}
Event: 22.693 GC heap before
{Heap before GC invocations=326 (full 3):
 PSYoungGen      total 3072K, used 2490K [0x00000000d5580000, 0x00000000d5980000, 0x0000000100000000)
  eden space 2048K, 99% used [0x00000000d5580000,0x00000000d577ffd0,0x00000000d5780000)
  from space 1024K, 43% used [0x00000000d5880000,0x00000000d58ee900,0x00000000d5980000)
  to   space 1024K, 0% used [0x00000000d5780000,0x00000000d5780000,0x00000000d5880000)
 ParOldGen       total 214528K, used 214408K [0x0000000080000000, 0x000000008d180000, 0x00000000d5580000)
  object space 214528K, 99% used [0x0000000080000000,0x000000008d162038,0x000000008d180000)
 Metaspace       used 74416K, committed 76096K, reserved 1179648K
  class space    used 7729K, committed 8448K, reserved 1048576K
}
Event: 22.695 GC heap after
{Heap after GC invocations=326 (full 3):
 PSYoungGen      total 3072K, used 576K [0x00000000d5580000, 0x00000000d5980000, 0x0000000100000000)
  eden space 2048K, 0% used [0x00000000d5580000,0x00000000d5580000,0x00000000d5780000)
  from space 1024K, 56% used [0x00000000d5780000,0x00000000d5810000,0x00000000d5880000)
  to   space 1024K, 0% used [0x00000000d5880000,0x00000000d5880000,0x00000000d5980000)
 ParOldGen       total 215040K, used 214718K [0x0000000080000000, 0x000000008d200000, 0x00000000d5580000)
  object space 215040K, 99% used [0x0000000080000000,0x000000008d1af8f8,0x000000008d200000)
 Metaspace       used 74416K, committed 76096K, reserved 1179648K
  class space    used 7729K, committed 8448K, reserved 1048576K
}
Event: 22.700 GC heap before
{Heap before GC invocations=327 (full 3):
 PSYoungGen      total 3072K, used 2623K [0x00000000d5580000, 0x00000000d5980000, 0x0000000100000000)
  eden space 2048K, 99% used [0x00000000d5580000,0x00000000d577fff8,0x00000000d5780000)
  from space 1024K, 56% used [0x00000000d5780000,0x00000000d5810000,0x00000000d5880000)
  to   space 1024K, 0% used [0x00000000d5880000,0x00000000d5880000,0x00000000d5980000)
 ParOldGen       total 215040K, used 214718K [0x0000000080000000, 0x000000008d200000, 0x00000000d5580000)
  object space 215040K, 99% used [0x0000000080000000,0x000000008d1af8f8,0x000000008d200000)
 Metaspace       used 74423K, committed 76096K, reserved 1179648K
  class space    used 7729K, committed 8448K, reserved 1048576K
}
Event: 22.702 GC heap after
{Heap after GC invocations=327 (full 3):
 PSYoungGen      total 3072K, used 1004K [0x00000000d5580000, 0x00000000d5980000, 0x0000000100000000)
  eden space 2048K, 0% used [0x00000000d5580000,0x00000000d5580000,0x00000000d5780000)
  from space 1024K, 98% used [0x00000000d5880000,0x00000000d597b090,0x00000000d5980000)
  to   space 1024K, 0% used [0x00000000d5780000,0x00000000d5780000,0x00000000d5880000)
 ParOldGen       total 215552K, used 215126K [0x0000000080000000, 0x000000008d280000, 0x00000000d5580000)
  object space 215552K, 99% used [0x0000000080000000,0x000000008d2158f8,0x000000008d280000)
 Metaspace       used 74423K, committed 76096K, reserved 1179648K
  class space    used 7729K, committed 8448K, reserved 1048576K
}
Event: 22.705 GC heap before
{Heap before GC invocations=328 (full 3):
 PSYoungGen      total 3072K, used 3052K [0x00000000d5580000, 0x00000000d5980000, 0x0000000100000000)
  eden space 2048K, 99% used [0x00000000d5580000,0x00000000d577ffe0,0x00000000d5780000)
  from space 1024K, 98% used [0x00000000d5880000,0x00000000d597b090,0x00000000d5980000)
  to   space 1024K, 0% used [0x00000000d5780000,0x00000000d5780000,0x00000000d5880000)
 ParOldGen       total 215552K, used 215126K [0x0000000080000000, 0x000000008d280000, 0x00000000d5580000)
  object space 215552K, 99% used [0x0000000080000000,0x000000008d2158f8,0x000000008d280000)
 Metaspace       used 74429K, committed 76096K, reserved 1179648K
  class space    used 7729K, committed 8448K, reserved 1048576K
}
Event: 22.708 GC heap after
{Heap after GC invocations=328 (full 3):
 PSYoungGen      total 3072K, used 608K [0x00000000d5580000, 0x00000000d5a00000, 0x0000000100000000)
  eden space 2048K, 0% used [0x00000000d5580000,0x00000000d5580000,0x00000000d5780000)
  from space 1024K, 59% used [0x00000000d5780000,0x00000000d5818000,0x00000000d5880000)
  to   space 1024K, 0% used [0x00000000d5900000,0x00000000d5900000,0x00000000d5a00000)
 ParOldGen       total 216576K, used 216166K [0x0000000080000000, 0x000000008d380000, 0x00000000d5580000)
  object space 216576K, 99% used [0x0000000080000000,0x000000008d319b88,0x000000008d380000)
 Metaspace       used 74429K, committed 76096K, reserved 1179648K
  class space    used 7729K, committed 8448K, reserved 1048576K
}
Event: 22.713 GC heap before
{Heap before GC invocations=329 (full 3):
 PSYoungGen      total 3072K, used 2656K [0x00000000d5580000, 0x00000000d5a00000, 0x0000000100000000)
  eden space 2048K, 100% used [0x00000000d5580000,0x00000000d5780000,0x00000000d5780000)
  from space 1024K, 59% used [0x00000000d5780000,0x00000000d5818000,0x00000000d5880000)
  to   space 1024K, 0% used [0x00000000d5900000,0x00000000d5900000,0x00000000d5a00000)
 ParOldGen       total 216576K, used 216166K [0x0000000080000000, 0x000000008d380000, 0x00000000d5580000)
  object space 216576K, 99% used [0x0000000080000000,0x000000008d319b88,0x000000008d380000)
 Metaspace       used 74429K, committed 76096K, reserved 1179648K
  class space    used 7729K, committed 8448K, reserved 1048576K
}
Event: 22.716 GC heap after
{Heap after GC invocations=329 (full 3):
 PSYoungGen      total 3072K, used 1024K [0x00000000d5580000, 0x00000000d5a00000, 0x0000000100000000)
  eden space 2048K, 0% used [0x00000000d5580000,0x00000000d5580000,0x00000000d5780000)
  from space 1024K, 100% used [0x00000000d5900000,0x00000000d5a00000,0x00000000d5a00000)
  to   space 1024K, 0% used [0x00000000d5780000,0x00000000d5780000,0x00000000d5880000)
 ParOldGen       total 217088K, used 216582K [0x0000000080000000, 0x000000008d400000, 0x00000000d5580000)
  object space 217088K, 99% used [0x0000000080000000,0x000000008d381908,0x000000008d400000)
 Metaspace       used 74429K, committed 76096K, reserved 1179648K
  class space    used 7729K, committed 8448K, reserved 1048576K
}
Event: 22.719 GC heap before
{Heap before GC invocations=330 (full 3):
 PSYoungGen      total 3072K, used 3072K [0x00000000d5580000, 0x00000000d5a00000, 0x0000000100000000)
  eden space 2048K, 100% used [0x00000000d5580000,0x00000000d5780000,0x00000000d5780000)
  from space 1024K, 100% used [0x00000000d5900000,0x00000000d5a00000,0x00000000d5a00000)
  to   space 1024K, 0% used [0x00000000d5780000,0x00000000d5780000,0x00000000d5880000)
 ParOldGen       total 217088K, used 216582K [0x0000000080000000, 0x000000008d400000, 0x00000000d5580000)
  object space 217088K, 99% used [0x0000000080000000,0x000000008d381908,0x000000008d400000)
 Metaspace       used 74429K, committed 76096K, reserved 1179648K
  class space    used 7729K, committed 8448K, reserved 1048576K
}
Event: 22.721 GC heap after
{Heap after GC invocations=330 (full 3):
 PSYoungGen      total 3072K, used 544K [0x00000000d5580000, 0x00000000d5a00000, 0x0000000100000000)
  eden space 2048K, 0% used [0x00000000d5580000,0x00000000d5580000,0x00000000d5780000)
  from space 1024K, 53% used [0x00000000d5780000,0x00000000d5808000,0x00000000d5880000)
  to   space 1024K, 0% used [0x00000000d5900000,0x00000000d5900000,0x00000000d5a00000)
 ParOldGen       total 217600K, used 217520K [0x0000000080000000, 0x000000008d480000, 0x00000000d5580000)
  object space 217600K, 99% used [0x0000000080000000,0x000000008d46c390,0x000000008d480000)
 Metaspace       used 74429K, committed 76096K, reserved 1179648K
  class space    used 7729K, committed 8448K, reserved 1048576K
}
Event: 22.726 GC heap before
{Heap before GC invocations=331 (full 3):
 PSYoungGen      total 3072K, used 2592K [0x00000000d5580000, 0x00000000d5a00000, 0x0000000100000000)
  eden space 2048K, 100% used [0x00000000d5580000,0x00000000d5780000,0x00000000d5780000)
  from space 1024K, 53% used [0x00000000d5780000,0x00000000d5808000,0x00000000d5880000)
  to   space 1024K, 0% used [0x00000000d5900000,0x00000000d5900000,0x00000000d5a00000)
 ParOldGen       total 217600K, used 217520K [0x0000000080000000, 0x000000008d480000, 0x00000000d5580000)
  object space 217600K, 99% used [0x0000000080000000,0x000000008d46c390,0x000000008d480000)
 Metaspace       used 74429K, committed 76096K, reserved 1179648K
  class space    used 7729K, committed 8448K, reserved 1048576K
}
Event: 22.729 GC heap after
{Heap after GC invocations=331 (full 3):
 PSYoungGen      total 3584K, used 704K [0x00000000d5580000, 0x00000000d5a00000, 0x0000000100000000)
  eden space 2560K, 0% used [0x00000000d5580000,0x00000000d5580000,0x00000000d5800000)
  from space 1024K, 68% used [0x00000000d5900000,0x00000000d59b0000,0x00000000d5a00000)
  to   space 1024K, 0% used [0x00000000d5800000,0x00000000d5800000,0x00000000d5900000)
 ParOldGen       total 218112K, used 217896K [0x0000000080000000, 0x000000008d500000, 0x00000000d5580000)
  object space 218112K, 99% used [0x0000000080000000,0x000000008d4ca390,0x000000008d500000)
 Metaspace       used 74429K, committed 76096K, reserved 1179648K
  class space    used 7729K, committed 8448K, reserved 1048576K
}
Event: 22.735 GC heap before
{Heap before GC invocations=332 (full 3):
 PSYoungGen      total 3584K, used 3264K [0x00000000d5580000, 0x00000000d5a00000, 0x0000000100000000)
  eden space 2560K, 100% used [0x00000000d5580000,0x00000000d5800000,0x00000000d5800000)
  from space 1024K, 68% used [0x00000000d5900000,0x00000000d59b0000,0x00000000d5a00000)
  to   space 1024K, 0% used [0x00000000d5800000,0x00000000d5800000,0x00000000d5900000)
 ParOldGen       total 218112K, used 217896K [0x0000000080000000, 0x000000008d500000, 0x00000000d5580000)
  object space 218112K, 99% used [0x0000000080000000,0x000000008d4ca390,0x000000008d500000)
 Metaspace       used 74430K, committed 76096K, reserved 1179648K
  class space    used 7729K, committed 8448K, reserved 1048576K
}
Event: 22.739 GC heap after
{Heap after GC invocations=332 (full 3):
 PSYoungGen      total 3584K, used 997K [0x00000000d5580000, 0x00000000d5a00000, 0x0000000100000000)
  eden space 2560K, 0% used [0x00000000d5580000,0x00000000d5580000,0x00000000d5800000)
  from space 1024K, 97% used [0x00000000d5800000,0x00000000d58f9688,0x00000000d5900000)
  to   space 1024K, 0% used [0x00000000d5900000,0x00000000d5900000,0x00000000d5a00000)
 ParOldGen       total 219136K, used 219016K [0x0000000080000000, 0x000000008d600000, 0x00000000d5580000)
  object space 219136K, 99% used [0x0000000080000000,0x000000008d5e2390,0x000000008d600000)
 Metaspace       used 74430K, committed 76096K, reserved 1179648K
  class space    used 7729K, committed 8448K, reserved 1048576K
}
Event: 22.745 GC heap before
{Heap before GC invocations=333 (full 3):
 PSYoungGen      total 3584K, used 3557K [0x00000000d5580000, 0x00000000d5a00000, 0x0000000100000000)
  eden space 2560K, 99% used [0x00000000d5580000,0x00000000d57ffff0,0x00000000d5800000)
  from space 1024K, 97% used [0x00000000d5800000,0x00000000d58f9688,0x00000000d5900000)
  to   space 1024K, 0% used [0x00000000d5900000,0x00000000d5900000,0x00000000d5a00000)
 ParOldGen       total 219136K, used 219016K [0x0000000080000000, 0x000000008d600000, 0x00000000d5580000)
  object space 219136K, 99% used [0x0000000080000000,0x000000008d5e2390,0x000000008d600000)
 Metaspace       used 74441K, committed 76096K, reserved 1179648K
  class space    used 7729K, committed 8448K, reserved 1048576K
}
Event: 22.748 GC heap after
{Heap after GC invocations=333 (full 3):
 PSYoungGen      total 3584K, used 602K [0x00000000d5580000, 0x00000000d5a00000, 0x0000000100000000)
  eden space 2560K, 0% used [0x00000000d5580000,0x00000000d5580000,0x00000000d5800000)
  from space 1024K, 58% used [0x00000000d5900000,0x00000000d5996900,0x00000000d5a00000)
  to   space 1024K, 0% used [0x00000000d5800000,0x00000000d5800000,0x00000000d5900000)
 ParOldGen       total 220160K, used 219990K [0x0000000080000000, 0x000000008d700000, 0x00000000d5580000)
  object space 220160K, 99% used [0x0000000080000000,0x000000008d6d5a18,0x000000008d700000)
 Metaspace       used 74441K, committed 76096K, reserved 1179648K
  class space    used 7729K, committed 8448K, reserved 1048576K
}

Dll operation events (10 events):
Event: 0.018 Loaded shared library c:\Users\sendy\.vscode\extensions\redhat.java-1.54.0-win32-x64\jre\21.0.10-win32-x86_64\bin\java.dll
Event: 0.100 Loaded shared library c:\Users\sendy\.vscode\extensions\redhat.java-1.54.0-win32-x64\jre\21.0.10-win32-x86_64\bin\zip.dll
Event: 0.130 Loaded shared library C:\Users\sendy\.vscode\extensions\redhat.java-1.54.0-win32-x64\jre\21.0.10-win32-x86_64\bin\instrument.dll
Event: 0.137 Loaded shared library C:\Users\sendy\.vscode\extensions\redhat.java-1.54.0-win32-x64\jre\21.0.10-win32-x86_64\bin\net.dll
Event: 0.141 Loaded shared library C:\Users\sendy\.vscode\extensions\redhat.java-1.54.0-win32-x64\jre\21.0.10-win32-x86_64\bin\nio.dll
Event: 0.145 Loaded shared library C:\Users\sendy\.vscode\extensions\redhat.java-1.54.0-win32-x64\jre\21.0.10-win32-x86_64\bin\zip.dll
Event: 0.168 Loaded shared library C:\Users\sendy\.vscode\extensions\redhat.java-1.54.0-win32-x64\jre\21.0.10-win32-x86_64\bin\jimage.dll
Event: 0.288 Loaded shared library c:\Users\sendy\.vscode\extensions\redhat.java-1.54.0-win32-x64\jre\21.0.10-win32-x86_64\bin\verify.dll
Event: 1.762 Loaded shared library C:\Users\sendy\AppData\Roaming\Code\User\globalStorage\redhat.java\1.54.0\config_win\org.eclipse.equinox.launcher\org.eclipse.equinox.launcher.win32.win32.x86_64_1.3.0.v20260203-2149\eclipse_11919.dll
Event: 5.375 Loaded shared library C:\Users\sendy\AppData\Local\Temp\jna-109322737\jna10918200025210994480.dll

Deoptimization events (20 events):
Event: 22.703 Thread 0x000001ada0cd6bc0 DEOPT PACKING pc=0x000001ad41af0e25 sp=0x00000032792fe910
Event: 22.703 Thread 0x000001ada0cd6bc0 DEOPT UNPACKING pc=0x000001ad47104242 sp=0x00000032792fdda8 mode 0
Event: 22.710 Thread 0x000001ada0cd4af0 DEOPT PACKING pc=0x000001ad41af0e25 sp=0x00000032796feb40
Event: 22.710 Thread 0x000001ada0cd4af0 DEOPT UNPACKING pc=0x000001ad47104242 sp=0x00000032796fdfd8 mode 0
Event: 22.712 Thread 0x000001ada0cd5810 DEOPT PACKING pc=0x000001ad41af0e25 sp=0x00000032794fe6d0
Event: 22.712 Thread 0x000001ada0cd5810 DEOPT UNPACKING pc=0x000001ad47104242 sp=0x00000032794fdb68 mode 0
Event: 22.717 Thread 0x000001ada0cd6bc0 DEOPT PACKING pc=0x000001ad41af0e25 sp=0x00000032792fe910
Event: 22.717 Thread 0x000001ada0cd6bc0 DEOPT UNPACKING pc=0x000001ad47104242 sp=0x00000032792fdda8 mode 0
Event: 22.730 Thread 0x000001ada0cd5180 DEOPT PACKING pc=0x000001ad41af0e25 sp=0x00000032797feba0
Event: 22.730 Thread 0x000001ada0cd5180 DEOPT UNPACKING pc=0x000001ad47104242 sp=0x00000032797fe038 mode 0
Event: 22.740 Thread 0x000001ada0cd5180 DEOPT PACKING pc=0x000001ad41ae5f56 sp=0x00000032797fee40
Event: 22.740 Thread 0x000001ada0cd5180 DEOPT UNPACKING pc=0x000001ad47104242 sp=0x00000032797fe350 mode 0
Event: 22.744 Thread 0x000001ada0cd7250 DEOPT PACKING pc=0x000001ad41af0e25 sp=0x00000032799feda0
Event: 22.744 Thread 0x000001ada0cd7250 DEOPT UNPACKING pc=0x000001ad47104242 sp=0x00000032799fe238 mode 0
Event: 22.749 Thread 0x000001ada0cd7250 DEOPT PACKING pc=0x000001ad41af0e25 sp=0x00000032799feda0
Event: 22.749 Thread 0x000001ada0cd7250 DEOPT UNPACKING pc=0x000001ad47104242 sp=0x00000032799fe238 mode 0
Event: 22.752 Thread 0x000001ada0cd7250 DEOPT PACKING pc=0x000001ad41af0e25 sp=0x00000032799feda0
Event: 22.752 Thread 0x000001ada0cd7250 DEOPT UNPACKING pc=0x000001ad47104242 sp=0x00000032799fe238 mode 0
Event: 22.759 Thread 0x000001ada0cd7250 DEOPT PACKING pc=0x000001ad41af0e25 sp=0x00000032799feda0
Event: 22.759 Thread 0x000001ada0cd7250 DEOPT UNPACKING pc=0x000001ad47104242 sp=0x00000032799fe238 mode 0

Classes loaded (20 events):
Event: 19.336 Loading class java/util/stream/ReduceOps$5
Event: 19.336 Loading class java/util/stream/ReduceOps$5 done
Event: 19.336 Loading class java/util/stream/ReduceOps$CountingSink$OfRef
Event: 19.338 Loading class java/util/stream/ReduceOps$CountingSink
Event: 19.338 Loading class java/util/stream/ReduceOps$CountingSink done
Event: 19.338 Loading class java/util/stream/ReduceOps$CountingSink$OfRef done
Event: 20.175 Loading class sun/nio/fs/WindowsFileCopy
Event: 20.176 Loading class sun/nio/fs/WindowsFileCopy done
Event: 21.274 Loading class java/util/ImmutableCollections$SubList
Event: 21.279 Loading class java/util/ImmutableCollections$SubList done
Event: 21.943 Loading class jdk/internal/ref/CleanerImpl$InnocuousThreadFactory
Event: 21.944 Loading class jdk/internal/ref/CleanerImpl$InnocuousThreadFactory done
Event: 22.122 Loading class jdk/internal/module/IllegalAccessLogger
Event: 22.122 Loading class jdk/internal/module/IllegalAccessLogger done
Event: 22.146 Loading class java/util/concurrent/ArrayBlockingQueue
Event: 22.147 Loading class java/util/concurrent/ArrayBlockingQueue done
Event: 22.204 Loading class java/util/concurrent/ConcurrentHashMap$KeySpliterator
Event: 22.205 Loading class java/util/concurrent/ConcurrentHashMap$KeySpliterator done
Event: 22.215 Loading class sun/nio/ch/ChannelOutputStream
Event: 22.216 Loading class sun/nio/ch/ChannelOutputStream done

Classes unloaded (20 events):
Event: 15.940 Thread 0x000001ad3caff9d0 Unloading class 0x000001ad5565ec00 'java/lang/invoke/LambdaForm$MH+0x000001ad5565ec00'
Event: 15.940 Thread 0x000001ad3caff9d0 Unloading class 0x000001ad5565e400 'java/lang/invoke/LambdaForm$MH+0x000001ad5565e400'
Event: 15.940 Thread 0x000001ad3caff9d0 Unloading class 0x000001ad5565e800 'java/lang/invoke/LambdaForm$MH+0x000001ad5565e800'
Event: 15.940 Thread 0x000001ad3caff9d0 Unloading class 0x000001ad5565dc00 'java/lang/invoke/LambdaForm$MH+0x000001ad5565dc00'
Event: 15.940 Thread 0x000001ad3caff9d0 Unloading class 0x000001ad5565e000 'java/lang/invoke/LambdaForm$MH+0x000001ad5565e000'
Event: 15.940 Thread 0x000001ad3caff9d0 Unloading class 0x000001ad55660000 'java/lang/invoke/LambdaForm$MH+0x000001ad55660000'
Event: 15.940 Thread 0x000001ad3caff9d0 Unloading class 0x000001ad5565d000 'java/lang/invoke/LambdaForm$MH+0x000001ad5565d000'
Event: 15.940 Thread 0x000001ad3caff9d0 Unloading class 0x000001ad5565c800 'java/lang/invoke/LambdaForm$MH+0x000001ad5565c800'
Event: 15.940 Thread 0x000001ad3caff9d0 Unloading class 0x000001ad5565cc00 'java/lang/invoke/LambdaForm$MH+0x000001ad5565cc00'
Event: 15.940 Thread 0x000001ad3caff9d0 Unloading class 0x000001ad5565c400 'java/lang/invoke/LambdaForm$MH+0x000001ad5565c400'
Event: 15.940 Thread 0x000001ad3caff9d0 Unloading class 0x000001ad5565c000 'java/lang/invoke/LambdaForm$MH+0x000001ad5565c000'
Event: 15.940 Thread 0x000001ad3caff9d0 Unloading class 0x000001ad5565d400 'java/lang/invoke/LambdaForm$MH+0x000001ad5565d400'
Event: 15.940 Thread 0x000001ad3caff9d0 Unloading class 0x000001ad5565bc00 'java/lang/invoke/LambdaForm$MH+0x000001ad5565bc00'
Event: 15.940 Thread 0x000001ad3caff9d0 Unloading class 0x000001ad5565b800 'java/lang/invoke/LambdaForm$MH+0x000001ad5565b800'
Event: 15.940 Thread 0x000001ad3caff9d0 Unloading class 0x000001ad5565a800 'java/lang/invoke/LambdaForm$MH+0x000001ad5565a800'
Event: 15.940 Thread 0x000001ad3caff9d0 Unloading class 0x000001ad5565a000 'java/lang/invoke/LambdaForm$MH+0x000001ad5565a000'
Event: 15.940 Thread 0x000001ad3caff9d0 Unloading class 0x000001ad5565ac00 'java/lang/invoke/LambdaForm$MH+0x000001ad5565ac00'
Event: 15.940 Thread 0x000001ad3caff9d0 Unloading class 0x000001ad5565b000 'java/lang/invoke/LambdaForm$MH+0x000001ad5565b000'
Event: 15.940 Thread 0x000001ad3caff9d0 Unloading class 0x000001ad5565a400 'java/lang/invoke/LambdaForm$MH+0x000001ad5565a400'
Event: 15.940 Thread 0x000001ad3caff9d0 Unloading class 0x000001ad5565b400 'java/lang/invoke/LambdaForm$MH+0x000001ad5565b400'

Classes redefined (0 events):
No events

Internal exceptions (20 events):
Event: 21.252 Thread 0x000001ada0cd5810 Exception <a 'java/lang/ArrayIndexOutOfBoundsException'{0x00000000d5748598}> (0x00000000d5748598) 
thrown [s\src\hotspot\share\runtime\sharedRuntime.cpp, line 625]
Event: 21.479 Thread 0x000001ad9ca508b0 Exception <a 'sun/nio/fs/WindowsException'{0x00000000d56318f0}> (0x00000000d56318f0) 
thrown [s\src\hotspot\share\prims\jni.cpp, line 520]
Event: 21.482 Thread 0x000001ad9ff9c110 Exception <a 'sun/nio/fs/WindowsException'{0x00000000d5641088}> (0x00000000d5641088) 
thrown [s\src\hotspot\share\prims\jni.cpp, line 520]
Event: 21.483 Thread 0x000001ad9ff9c110 Exception <a 'sun/nio/fs/WindowsException'{0x00000000d56420d0}> (0x00000000d56420d0) 
thrown [s\src\hotspot\share\prims\jni.cpp, line 520]
Event: 21.484 Thread 0x000001ad9ff9ad60 Exception <a 'sun/nio/fs/WindowsException'{0x00000000d5643538}> (0x00000000d5643538) 
thrown [s\src\hotspot\share\prims\jni.cpp, line 520]
Event: 21.484 Thread 0x000001ad9ff9ba80 Exception <a 'sun/nio/fs/WindowsException'{0x00000000d5647858}> (0x00000000d5647858) 
thrown [s\src\hotspot\share\prims\jni.cpp, line 520]
Event: 21.485 Thread 0x000001ad9ff9ce30 Exception <a 'sun/nio/fs/WindowsException'{0x00000000d564bbd0}> (0x00000000d564bbd0) 
thrown [s\src\hotspot\share\prims\jni.cpp, line 520]
Event: 21.485 Thread 0x000001ad9ff999b0 Exception <a 'sun/nio/fs/WindowsException'{0x00000000d5649e48}> (0x00000000d5649e48) 
thrown [s\src\hotspot\share\prims\jni.cpp, line 520]
Event: 21.485 Thread 0x000001ad9ffa02b0 Exception <a 'sun/nio/fs/WindowsException'{0x00000000d564ff68}> (0x00000000d564ff68) 
thrown [s\src\hotspot\share\prims\jni.cpp, line 520]
Event: 21.486 Thread 0x000001ad9ff999b0 Exception <a 'sun/nio/fs/WindowsException'{0x00000000d565c7c8}> (0x00000000d565c7c8) 
thrown [s\src\hotspot\share\prims\jni.cpp, line 520]
Event: 21.486 Thread 0x000001ad9ff9ef00 Exception <a 'sun/nio/fs/WindowsException'{0x00000000d56564f0}> (0x00000000d56564f0) 
thrown [s\src\hotspot\share\prims\jni.cpp, line 520]
Event: 21.486 Thread 0x000001ad9ff9e1e0 Exception <a 'sun/nio/fs/WindowsException'{0x00000000d565a610}> (0x00000000d565a610) 
thrown [s\src\hotspot\share\prims\jni.cpp, line 520]
Event: 21.486 Thread 0x000001ad9ff9a6d0 Exception <a 'sun/nio/fs/WindowsException'{0x00000000d564e1b8}> (0x00000000d564e1b8) 
thrown [s\src\hotspot\share\prims\jni.cpp, line 520]
Event: 21.487 Thread 0x000001ad9ff9a6d0 Exception <a 'sun/nio/fs/WindowsException'{0x00000000d5669b20}> (0x00000000d5669b20) 
thrown [s\src\hotspot\share\prims\jni.cpp, line 520]
Event: 21.781 Thread 0x000001ada0cd3740 Exception <a 'java/lang/ArrayIndexOutOfBoundsException'{0x00000000d5695b18}> (0x00000000d5695b18) 
thrown [s\src\hotspot\share\runtime\sharedRuntime.cpp, line 625]
Event: 22.188 Thread 0x000001ad9d4b37f0 Exception <a 'java/lang/NoSuchMethodError'{0x00000000d55bb1b8}: 'void java.lang.invoke.DirectMethodHandle$Holder.invokeStatic(java.lang.Object, int, java.lang.Object)'> (0x00000000d55bb1b8) 
thrown [s\src\hotspot\share\interpreter\linkResolver.cpp, line 773]
Event: 22.209 Thread 0x000001ad9ca508b0 Exception <a 'java/lang/NoSuchMethodError'{0x00000000d5708960}: 'java.lang.Object java.lang.invoke.DirectMethodHandle$Holder.newInvokeSpecial(java.lang.Object, java.lang.Object, int, int, java.lang.Object)'> (0x00000000d5708960) 
thrown [s\src\hotspot\share\interpreter\linkResolver.cpp, line 773]
Event: 22.679 Thread 0x000001ad9e5ea7a0 Exception <a 'java/lang/ArrayIndexOutOfBoundsException'{0x00000000d5752630}> (0x00000000d5752630) 
thrown [s\src\hotspot\share\runtime\sharedRuntime.cpp, line 625]
Event: 22.679 Thread 0x000001ad9e5ea7a0 Exception <a 'java/lang/ArrayIndexOutOfBoundsException'{0x00000000d5752c80}> (0x00000000d5752c80) 
thrown [s\src\hotspot\share\runtime\sharedRuntime.cpp, line 625]
Event: 22.679 Thread 0x000001ad9e5ea7a0 Exception <a 'java/lang/ArrayIndexOutOfBoundsException'{0x00000000d5753020}> (0x00000000d5753020) 
thrown [s\src\hotspot\share\runtime\sharedRuntime.cpp, line 625]

ZGC Phase Switch (0 events):
No events

VM Operations (20 events):
Event: 22.652 Executing safepoint VM operation: ParallelGCFailedAllocation (Allocation Failure)
Event: 22.654 Executing safepoint VM operation: ParallelGCFailedAllocation (Allocation Failure) done
Event: 22.681 Executing safepoint VM operation: ParallelGCFailedAllocation (Allocation Failure)
Event: 22.683 Executing safepoint VM operation: ParallelGCFailedAllocation (Allocation Failure) done
Event: 22.693 Executing safepoint VM operation: ParallelGCFailedAllocation (Allocation Failure)
Event: 22.695 Executing safepoint VM operation: ParallelGCFailedAllocation (Allocation Failure) done
Event: 22.700 Executing safepoint VM operation: ParallelGCFailedAllocation (Allocation Failure)
Event: 22.702 Executing safepoint VM operation: ParallelGCFailedAllocation (Allocation Failure) done
Event: 22.705 Executing safepoint VM operation: ParallelGCFailedAllocation (Allocation Failure)
Event: 22.708 Executing safepoint VM operation: ParallelGCFailedAllocation (Allocation Failure) done
Event: 22.712 Executing safepoint VM operation: ParallelGCFailedAllocation (Allocation Failure)
Event: 22.716 Executing safepoint VM operation: ParallelGCFailedAllocation (Allocation Failure) done
Event: 22.718 Executing safepoint VM operation: ParallelGCFailedAllocation (Allocation Failure)
Event: 22.721 Executing safepoint VM operation: ParallelGCFailedAllocation (Allocation Failure) done
Event: 22.726 Executing safepoint VM operation: ParallelGCFailedAllocation (Allocation Failure)
Event: 22.729 Executing safepoint VM operation: ParallelGCFailedAllocation (Allocation Failure) done
Event: 22.735 Executing safepoint VM operation: ParallelGCFailedAllocation (Allocation Failure)
Event: 22.739 Executing safepoint VM operation: ParallelGCFailedAllocation (Allocation Failure) done
Event: 22.745 Executing safepoint VM operation: ParallelGCFailedAllocation (Allocation Failure)
Event: 22.748 Executing safepoint VM operation: ParallelGCFailedAllocation (Allocation Failure) done

Memory protections (0 events):
No events

Nmethod flushes (20 events):
Event: 15.972 Thread 0x000001ad3caff9d0 flushing  nmethod 0x000001ad40642b10
Event: 15.972 Thread 0x000001ad3caff9d0 flushing  nmethod 0x000001ad40644910
Event: 15.972 Thread 0x000001ad3caff9d0 flushing  nmethod 0x000001ad40653690
Event: 15.972 Thread 0x000001ad3caff9d0 flushing  nmethod 0x000001ad40664090
Event: 15.972 Thread 0x000001ad3caff9d0 flushing  nmethod 0x000001ad4067b790
Event: 15.972 Thread 0x000001ad3caff9d0 flushing  nmethod 0x000001ad40681890
Event: 15.972 Thread 0x000001ad3caff9d0 flushing osr nmethod 0x000001ad406b5910
Event: 15.972 Thread 0x000001ad3caff9d0 flushing  nmethod 0x000001ad406d8990
Event: 15.972 Thread 0x000001ad3caff9d0 flushing  nmethod 0x000001ad406d9390
Event: 15.972 Thread 0x000001ad3caff9d0 flushing  nmethod 0x000001ad406dac90
Event: 15.972 Thread 0x000001ad3caff9d0 flushing  nmethod 0x000001ad406dc790
Event: 15.972 Thread 0x000001ad3caff9d0 flushing  nmethod 0x000001ad406dcc10
Event: 15.972 Thread 0x000001ad3caff9d0 flushing  nmethod 0x000001ad406dcf90
Event: 15.972 Thread 0x000001ad3caff9d0 flushing  nmethod 0x000001ad406dd990
Event: 15.972 Thread 0x000001ad3caff9d0 flushing  nmethod 0x000001ad406df290
Event: 15.972 Thread 0x000001ad3caff9d0 flushing  nmethod 0x000001ad406e1a10
Event: 15.972 Thread 0x000001ad3caff9d0 flushing  nmethod 0x000001ad406eac10
Event: 15.972 Thread 0x000001ad3caff9d0 flushing  nmethod 0x000001ad4070e310
Event: 15.972 Thread 0x000001ad3caff9d0 flushing  nmethod 0x000001ad4070f010
Event: 15.972 Thread 0x000001ad3caff9d0 flushing osr nmethod 0x000001ad40738090

Events (20 events):
Event: 21.545 Thread 0x000001ad9d4b1db0 Thread added: 0x000001ad9d4afce0
Event: 21.545 Thread 0x000001ad9d4aefc0 Thread added: 0x000001ad9d4b2ad0
Event: 21.545 Thread 0x000001ad9ca508b0 Thread added: 0x000001ad9d4af650
Event: 21.546 Thread 0x000001ad9ca508b0 Thread added: 0x000001ad9d4b5230
Event: 21.944 Thread 0x000001ada0cd7250 Thread added: 0x000001ad9d4b4510
Event: 22.148 Thread 0x000001ad9ca508b0 Thread added: 0x000001ad9d4b37f0
Event: 22.211 Thread 0x000001ad9ca508b0 Thread added: 0x000001ad9d4b65e0
Event: 22.218 Thread 0x000001ad9ca508b0 Thread added: 0x000001ad9d4b3e80
Event: 22.218 Thread 0x000001ad9ca508b0 Thread added: 0x000001ad9d4b58c0
Event: 22.219 Thread 0x000001ad9ca508b0 Thread added: 0x000001ad9d4b3160
Event: 22.241 Thread 0x000001ad9ca508b0 Thread added: 0x000001ad9d4b5f50
Event: 22.248 Thread 0x000001ad9ca508b0 Thread added: 0x000001ad9d4b4ba0
Event: 22.277 Thread 0x000001ad9ca508b0 Thread added: 0x000001ad9e922dd0
Event: 22.317 Thread 0x000001ad9ca508b0 Thread added: 0x000001ad9e9220b0
Event: 22.332 Thread 0x000001ad9ca508b0 Thread added: 0x000001ad9e922740
Event: 22.370 Thread 0x000001ad9ca508b0 Thread added: 0x000001ad9e920d00
Event: 22.376 Thread 0x000001ad9ca508b0 Thread added: 0x000001ad9e91ffe0
Event: 22.413 Thread 0x000001ad9ca508b0 Thread added: 0x000001ad9e920670
Event: 22.464 Thread 0x000001ad9ca508b0 Thread added: 0x000001ad9e923af0
Event: 22.486 Thread 0x000001ad9ca508b0 Thread added: 0x000001ad9e924180


Dynamic libraries:
0x00007ff77ed10000 - 0x00007ff77ed1e000 	c:\Users\sendy\.vscode\extensions\redhat.java-1.54.0-win32-x64\jre\21.0.10-win32-x86_64\bin\java.exe
0x00007fff25a40000 - 0x00007fff25ca7000 	C:\WINDOWS\SYSTEM32\ntdll.dll
0x00007fff24c30000 - 0x00007fff24cf9000 	C:\WINDOWS\System32\KERNEL32.DLL
0x00007fff23270000 - 0x00007fff23667000 	C:\WINDOWS\System32\KERNELBASE.dll
0x00007fff23670000 - 0x00007fff237bb000 	C:\WINDOWS\System32\ucrtbase.dll
0x00007fff133f0000 - 0x00007fff1340e000 	c:\Users\sendy\.vscode\extensions\redhat.java-1.54.0-win32-x64\jre\21.0.10-win32-x86_64\bin\VCRUNTIME140.dll
0x00007fff1b1a0000 - 0x00007fff1b1b8000 	c:\Users\sendy\.vscode\extensions\redhat.java-1.54.0-win32-x64\jre\21.0.10-win32-x86_64\bin\jli.dll
0x00007fff255a0000 - 0x00007fff25766000 	C:\WINDOWS\System32\USER32.dll
0x00007fff10ea0000 - 0x00007fff11132000 	C:\WINDOWS\WinSxS\amd64_microsoft.windows.common-controls_6595b64144ccf1df_6.0.26100.8457_none_3e0b2faee331e92d\COMCTL32.dll
0x00007fff225f0000 - 0x00007fff22617000 	C:\WINDOWS\System32\win32u.dll
0x00007fff238d0000 - 0x00007fff23979000 	C:\WINDOWS\System32\msvcrt.dll
0x00007fff25400000 - 0x00007fff2542b000 	C:\WINDOWS\System32\GDI32.dll
0x00007fff226b0000 - 0x00007fff227dc000 	C:\WINDOWS\System32\gdi32full.dll
0x00007fff23100000 - 0x00007fff231a3000 	C:\WINDOWS\System32\msvcp_win.dll
0x00007fff24d00000 - 0x00007fff24d32000 	C:\WINDOWS\System32\IMM32.DLL
0x00007fff1c9d0000 - 0x00007fff1c9dc000 	c:\Users\sendy\.vscode\extensions\redhat.java-1.54.0-win32-x64\jre\21.0.10-win32-x86_64\bin\vcruntime140_1.dll
0x00007ffeef970000 - 0x00007ffeef9fd000 	c:\Users\sendy\.vscode\extensions\redhat.java-1.54.0-win32-x64\jre\21.0.10-win32-x86_64\bin\msvcp140.dll
0x00007ffe89380000 - 0x00007ffe8a121000 	c:\Users\sendy\.vscode\extensions\redhat.java-1.54.0-win32-x64\jre\21.0.10-win32-x86_64\bin\server\jvm.dll
0x00007fff23ff0000 - 0x00007fff240a6000 	C:\WINDOWS\System32\ADVAPI32.dll
0x00007fff25350000 - 0x00007fff253f7000 	C:\WINDOWS\System32\sechost.dll
0x00007fff25780000 - 0x00007fff25898000 	C:\WINDOWS\System32\RPCRT4.dll
0x00007fff237c0000 - 0x00007fff23840000 	C:\WINDOWS\System32\WS2_32.dll
0x00007fff1bb40000 - 0x00007fff1bb4b000 	C:\WINDOWS\SYSTEM32\VERSION.dll
0x00007fff222d0000 - 0x00007fff2232e000 	C:\WINDOWS\SYSTEM32\POWRPROF.dll
0x00007fff19030000 - 0x00007fff19066000 	C:\WINDOWS\SYSTEM32\WINMM.dll
0x00007fff22200000 - 0x00007fff22214000 	C:\WINDOWS\SYSTEM32\UMPDC.dll
0x00007fff211a0000 - 0x00007fff211bb000 	C:\WINDOWS\SYSTEM32\kernel.appcore.dll
0x00007fff1a5a0000 - 0x00007fff1a5aa000 	c:\Users\sendy\.vscode\extensions\redhat.java-1.54.0-win32-x64\jre\21.0.10-win32-x86_64\bin\jimage.dll
0x00007fff1fd10000 - 0x00007fff1ff52000 	C:\WINDOWS\SYSTEM32\DBGHELP.DLL
0x00007fff24fc0000 - 0x00007fff25343000 	C:\WINDOWS\System32\combase.dll
0x00007fff24a90000 - 0x00007fff24b69000 	C:\WINDOWS\System32\OLEAUT32.dll
0x00007fff20150000 - 0x00007fff2018b000 	C:\WINDOWS\SYSTEM32\dbgcore.DLL
0x00007fff227e0000 - 0x00007fff22888000 	C:\WINDOWS\System32\bcryptPrimitives.dll
0x00007fff1f5f0000 - 0x00007fff1f5ff000 	c:\Users\sendy\.vscode\extensions\redhat.java-1.54.0-win32-x64\jre\21.0.10-win32-x86_64\bin\instrument.dll
0x00007fff03f30000 - 0x00007fff03f50000 	c:\Users\sendy\.vscode\extensions\redhat.java-1.54.0-win32-x64\jre\21.0.10-win32-x86_64\bin\java.dll
0x00007fff24310000 - 0x00007fff24a7e000 	C:\WINDOWS\System32\SHELL32.dll
0x00007fff22890000 - 0x00007fff230fc000 	C:\WINDOWS\System32\windows.storage.dll
0x00007fff25440000 - 0x00007fff25536000 	C:\WINDOWS\System32\SHCORE.dll
0x00007fff24e80000 - 0x00007fff24ee6000 	C:\WINDOWS\System32\shlwapi.dll
0x00007fff22390000 - 0x00007fff223b9000 	C:\WINDOWS\SYSTEM32\profapi.dll
0x00007fff133d0000 - 0x00007fff133e8000 	c:\Users\sendy\.vscode\extensions\redhat.java-1.54.0-win32-x64\jre\21.0.10-win32-x86_64\bin\zip.dll
0x00007fff19ec0000 - 0x00007fff19ed0000 	C:\Users\sendy\.vscode\extensions\redhat.java-1.54.0-win32-x64\jre\21.0.10-win32-x86_64\bin\net.dll
0x00007fff1c010000 - 0x00007fff1c139000 	C:\WINDOWS\SYSTEM32\WINHTTP.dll
0x00007fff21770000 - 0x00007fff217dc000 	C:\WINDOWS\system32\mswsock.dll
0x00007fff0f0f0000 - 0x00007fff0f106000 	C:\Users\sendy\.vscode\extensions\redhat.java-1.54.0-win32-x64\jre\21.0.10-win32-x86_64\bin\nio.dll
0x00007fff1f240000 - 0x00007fff1f250000 	c:\Users\sendy\.vscode\extensions\redhat.java-1.54.0-win32-x64\jre\21.0.10-win32-x86_64\bin\verify.dll
0x00007fff1ecb0000 - 0x00007fff1ecf5000 	C:\Users\sendy\AppData\Roaming\Code\User\globalStorage\redhat.java\1.54.0\config_win\org.eclipse.equinox.launcher\org.eclipse.equinox.launcher.win32.win32.x86_64_1.3.0.v20260203-2149\eclipse_11919.dll
0x00007fff24150000 - 0x00007fff242e7000 	C:\WINDOWS\System32\ole32.dll
0x00007fff21a50000 - 0x00007fff21a6b000 	C:\WINDOWS\SYSTEM32\CRYPTSP.dll
0x00007fff21160000 - 0x00007fff21199000 	C:\WINDOWS\system32\rsaenh.dll
0x00007fff21820000 - 0x00007fff21853000 	C:\WINDOWS\SYSTEM32\USERENV.dll
0x00007fff22360000 - 0x00007fff2238a000 	C:\WINDOWS\SYSTEM32\bcrypt.dll
0x00007fff21a70000 - 0x00007fff21a7c000 	C:\WINDOWS\SYSTEM32\CRYPTBASE.dll
0x00007fff20c60000 - 0x00007fff20c92000 	C:\WINDOWS\SYSTEM32\IPHLPAPI.DLL
0x00007fff25430000 - 0x00007fff2543a000 	C:\WINDOWS\System32\NSI.dll
0x00007fff1ad80000 - 0x00007fff1adc9000 	C:\Users\sendy\AppData\Local\Temp\jna-109322737\jna10918200025210994480.dll
0x00007fff24e40000 - 0x00007fff24e48000 	C:\WINDOWS\System32\PSAPI.DLL
0x00007fff1c970000 - 0x00007fff1c98d000 	C:\WINDOWS\SYSTEM32\dhcpcsvc6.DLL
0x00007fff1c520000 - 0x00007fff1c545000 	C:\WINDOWS\SYSTEM32\dhcpcsvc.DLL

JVMTI agents:
c:\Users\sendy\.vscode\extensions\redhat.java-1.54.0-win32-x64\lombok\lombok-1.18.39-4050.jar path:c:\Users\sendy\.vscode\extensions\redhat.java-1.54.0-win32-x64\jre\21.0.10-win32-x86_64\bin\instrument.dll, loaded, initialized, instrumentlib options:none

dbghelp: loaded successfully - version: 4.0.5 - missing functions: none
symbol engine: initialized successfully - sym options: 0x614 - pdb path: .;c:\Users\sendy\.vscode\extensions\redhat.java-1.54.0-win32-x64\jre\21.0.10-win32-x86_64\bin;C:\WINDOWS\SYSTEM32;C:\WINDOWS\WinSxS\amd64_microsoft.windows.common-controls_6595b64144ccf1df_6.0.26100.8457_none_3e0b2faee331e92d;c:\Users\sendy\.vscode\extensions\redhat.java-1.54.0-win32-x64\jre\21.0.10-win32-x86_64\bin\server;C:\Users\sendy\AppData\Roaming\Code\User\globalStorage\redhat.java\1.54.0\config_win\org.eclipse.equinox.launcher\org.eclipse.equinox.launcher.win32.win32.x86_64_1.3.0.v20260203-2149;C:\Users\sendy\AppData\Local\Temp\jna-109322737

VM Arguments:
jvm_args: --add-modules=ALL-SYSTEM --add-opens=java.base/java.util=ALL-UNNAMED --add-opens=java.base/java.lang=ALL-UNNAMED --add-opens=java.base/sun.nio.fs=ALL-UNNAMED -Declipse.application=org.eclipse.jdt.ls.core.id1 -Dosgi.bundles.defaultStartLevel=4 -Declipse.product=org.eclipse.jdt.ls.core.product -Djava.import.generatesMetadataFilesAtProjectRoot=false -DDetectVMInstallationsJob.disabled=true -Dfile.encoding=utf8 -XX:+UseParallelGC -XX:GCTimeRatio=4 -XX:AdaptiveSizePolicyWeight=90 -Dsun.zip.disableMemoryMapping=true -Xmx2G -Xms100m -Xlog:disable -javaagent:c:\Users\sendy\.vscode\extensions\redhat.java-1.54.0-win32-x64\lombok\lombok-1.18.39-4050.jar -XX:+HeapDumpOnOutOfMemoryError -XX:HeapDumpPath=c:\Users\sendy\AppData\Roaming\Code\User\workspaceStorage\3515da352bb3322cfc7f98cf190b8c9f\redhat.java -Daether.dependencyCollector.impl=bf 
java_command: c:\Users\sendy\.vscode\extensions\redhat.java-1.54.0-win32-x64\server\plugins\org.eclipse.equinox.launcher_1.7.100.v20251111-0406.jar -configuration c:\Users\sendy\AppData\Roaming\Code\User\globalStorage\redhat.java\1.54.0\config_win -data c:\Users\sendy\AppData\Roaming\Code\User\workspaceStorage\3515da352bb3322cfc7f98cf190b8c9f\redhat.java\jdt_ws --pipe=\\.\pipe\lsp-789f381fd54abcb8c00cb04b39cbf285-sock
java_class_path (initial): c:\Users\sendy\.vscode\extensions\redhat.java-1.54.0-win32-x64\server\plugins\org.eclipse.equinox.launcher_1.7.100.v20251111-0406.jar
Launcher Type: SUN_STANDARD

[Global flags]
    uintx AdaptiveSizePolicyWeight                 = 90                                        {product} {command line}
     intx CICompilerCount                          = 12                                        {product} {ergonomic}
    uintx GCTimeRatio                              = 4                                         {product} {command line}
     bool HeapDumpOnOutOfMemoryError               = true                                   {manageable} {command line}
    ccstr HeapDumpPath                             = c:\Users\sendy\AppData\Roaming\Code\User\workspaceStorage\3515da352bb3322cfc7f98cf190b8c9f\redhat.java         {manageable} {command line}
   size_t InitialHeapSize                          = 104857600                                 {product} {command line}
   size_t MaxHeapSize                              = 2147483648                                {product} {command line}
   size_t MaxNewSize                               = 715653120                                 {product} {ergonomic}
   size_t MinHeapDeltaBytes                        = 524288                                    {product} {ergonomic}
   size_t MinHeapSize                              = 104857600                                 {product} {command line}
   size_t NewSize                                  = 34603008                                  {product} {ergonomic}
    uintx NonNMethodCodeHeapSize                   = 7602480                                {pd product} {ergonomic}
    uintx NonProfiledCodeHeapSize                  = 122027880                              {pd product} {ergonomic}
   size_t OldSize                                  = 70254592                                  {product} {ergonomic}
    uintx ProfiledCodeHeapSize                     = 122027880                              {pd product} {ergonomic}
    uintx ReservedCodeCacheSize                    = 251658240                              {pd product} {ergonomic}
     bool SegmentedCodeCache                       = true                                      {product} {ergonomic}
   size_t SoftMaxHeapSize                          = 2147483648                             {manageable} {ergonomic}
     bool UseCompressedOops                        = true                           {product lp64_product} {ergonomic}
     bool UseLargePagesIndividualAllocation        = false                                  {pd product} {ergonomic}
     bool UseParallelGC                            = true                                      {product} {command line}

Logging:
Log output configuration:
 #0: stdout all=off uptime,level,tags foldmultilines=false
 #1: stderr all=off uptime,level,tags foldmultilines=false

Release file:
JAVA_VERSION="21.0.10" 
MODULES="java.base java.compiler java.datatransfer java.xml java.prefs java.desktop java.instrument java.logging java.management java.security.sasl java.naming java.rmi java.management.rmi java.net.http java.scripting java.security.jgss java.transaction.xa java.sql java.sql.rowset java.xml.crypto java.se java.smartcardio jdk.accessibility jdk.internal.jvmstat jdk.attach jdk.charsets jdk.internal.opt jdk.zipfs jdk.compiler jdk.crypto.ec jdk.crypto.cryptoki jdk.crypto.mscapi jdk.dynalink jdk.internal.ed jdk.editpad jdk.hotspot.agent jdk.httpserver jdk.internal.le jdk.internal.vm.ci jdk.internal.vm.compiler jdk.internal.vm.compiler.management jdk.jartool jdk.javadoc jdk.jcmd jdk.management jdk.management.agent jdk.jconsole jdk.jdeps jdk.jdwp.agent jdk.jdi jdk.jfr jdk.jshell jdk.jsobject jdk.jstatd jdk.localedata jdk.management.jfr jdk.naming.dns jdk.naming.rmi jdk.net jdk.nio.mapmode jdk.random jdk.sctp jdk.security.auth jdk.security.jgss jdk.unsupported jdk.unsupported.desktop jdk.xml.dom" 

Environment Variables:
PATH=C:\Program Files\nodejs\;C:\Program Files\Python313\;C:\Program Files\Common Files\Oracle\Java\javapath;C:\WINDOWS\system32;C:\WINDOWS;C:\WINDOWS\System32\Wbem;C:\WINDOWS\System32\WindowsPowerShell\v1.0\;C:\WINDOWS\System32\OpenSSH\;C:\Program Files\Go\bin;C:\Users\sendy\OneDrive\Documents\TELKOM UNIVERSITY\PEMBELAJARAN\LOGIKA MATEMATIKA\swipl\bin;C:\Program Files\Git\cmd;C:\Program Files\Python313\Scripts\;C:\Program Files\Mosquitto;C:\Users\sendy\AppData\Local\Microsoft\WindowsApps;C:\Users\sendy\go\bin;C:\Users\sendy\AppData\Local\Programs\Microsoft VS Code\bin;C:\Users\sendy\Avogadro\bin;C:\Users\sendy\Downloads\Avogadro\bin;C:\Users\sendy\AppData\Roaming\npm
USERNAME=sendy
OS=Windows_NT
PROCESSOR_IDENTIFIER=AMD64 Family 23 Model 104 Stepping 1, AuthenticAMD
TMP=C:\Users\sendy\AppData\Local\Temp
TEMP=C:\Users\sendy\AppData\Local\Temp




Periodic native trim disabled

---------------  S Y S T E M  ---------------

OS:
 Windows 11 , 64 bit Build 26100 (10.0.26100.8328)
OS uptime: 5 days 19:59 hours

CPU: total 16 (initial active 16) (16 cores per cpu, 2 threads per core) family 23 model 104 stepping 1 microcode 0x8608102, cx8, cmov, fxsr, ht, mmx, 3dnowpref, sse, sse2, sse3, ssse3, sse4a, sse4.1, sse4.2, popcnt, lzcnt, tsc, tscinvbit, avx, avx2, aes, clmul, bmi1, bmi2, adx, sha, fma, vzeroupper, clflush, clflushopt, rdtscp, rdpid, f16c
Processor Information for the first 16 processors :
  Max Mhz: 1801, Current Mhz: 1801, Mhz Limit: 1801

Memory: 4k page, system-wide physical 7579M (470M free)
TotalPageFile size 17812M (AvailPageFile size 3M)
current process WorkingSet (physical memory assigned to process): 531M, peak: 531M
current process commit charge ("private bytes"): 614M, peak: 1763M

vm_info: OpenJDK 64-Bit Server VM (21.0.10+7-LTS) for windows-amd64 JRE (21.0.10+7-LTS), built on 2026-01-20T00:00:00Z by "admin" with MS VC++ 17.12 (VS2022)

END.
